ARM Linker, 4.1 [Build 481] [Standard]

==============================================================================

Section Cross References

    main.o(.text) refers to usart2.o(.text) for USART2_Config
    main.o(.text) refers to systick.o(.text) for SysTick_Init
    main.o(.text) refers to iic.o(.text) for i2cInit
    main.o(.text) refers to led.o(.text) for LED_GPIO_Config
    main.o(.text) refers to getdata.o(.text) for mpuDMPinit
    main.o(.text) refers to printfa.o(i.__0printf) for __2printf
    stm32f10x_it.o(.text) refers to systick.o(.text) for TimingDelay_Decrement
    stm32f10x_it.o(.text) refers to stm32f10x_usart.o(.text) for USART_GetITStatus
    stm32f10x_it.o(.text) refers to stm32f10x_gpio.o(.text) for GPIO_ResetBits
    stm32f10x_it.o(.text) refers to printfa.o(i.__0printf) for __2printf
    stm32f10x_it.o(.text) refers to getdata.o(.text) for incrsSVM_Th1
    usart1.o(.text) refers to stm32f10x_rcc.o(.text) for RCC_APB2PeriphClockCmd
    usart1.o(.text) refers to stm32f10x_gpio.o(.text) for GPIO_Init
    usart1.o(.text) refers to stm32f10x_usart.o(.text) for USART_Init
    usart1.o(.text) refers to misc.o(.text) for NVIC_PriorityGroupConfig
    systick.o(.text) refers to system_stm32f10x.o(.data) for SystemCoreClock
    systick.o(.text) refers to systick.o(.data) for TimingDelay
    usart2.o(.text) refers to stm32f10x_rcc.o(.text) for RCC_APB2PeriphClockCmd
    usart2.o(.text) refers to stm32f10x_gpio.o(.text) for GPIO_Init
    usart2.o(.text) refers to stm32f10x_usart.o(.text) for USART_Init
    usart2.o(.text) refers to misc.o(.text) for NVIC_PriorityGroupConfig
    usart2.o(.text) refers to led.o(.text) for LED_toggle
    usart2.o(.text) refers to printfa.o(i.__0sprintf) for __2sprintf
    inv_mpu.o(.text) refers to iic.o(.text) for i2cwrite
    inv_mpu.o(.text) refers to systick.o(.text) for delay_ms
    inv_mpu.o(.text) refers to inv_mpu.o(.data) for st
    inv_mpu.o(.text) refers to fflti.o(.text) for __aeabi_i2f
    inv_mpu.o(.text) refers to fdiv.o(.text) for __aeabi_fdiv
    inv_mpu.o(.text) refers to ffltui.o(.text) for __aeabi_ui2f
    inv_mpu.o(.text) refers to fmul.o(.text) for __aeabi_fmul
    inv_mpu.o(.text) refers to fadd.o(.text) for __aeabi_fsub
    inv_mpu.o(.text) refers to cfrcmple.o(.text) for __aeabi_cfrcmple
    inv_mpu.o(.text) refers to cfcmple.o(.text) for __aeabi_cfcmple
    inv_mpu.o(.text) refers to inv_mpu.o(.constdata) for test
    inv_mpu.o(.text) refers to llshl.o(.text) for __aeabi_llsl
    inv_mpu.o(.text) refers to ldiv.o(.text) for __aeabi_ldivmod
    inv_mpu.o(.text) refers to ffixi.o(.text) for __aeabi_f2iz
    inv_mpu.o(.text) refers to inv_mpu_dmp_motion_driver.o(.text) for dmp_set_gyro_bias
    inv_mpu.o(.text) refers to printfa.o(i.__0printf) for __2printf
    inv_mpu.o(.text) refers to memcmp.o(.text) for memcmp
    inv_mpu.o(.data) refers to inv_mpu.o(.constdata) for reg
    inv_mpu_dmp_motion_driver.o(.text) refers to inv_mpu.o(.text) for mpu_load_firmware
    inv_mpu_dmp_motion_driver.o(.text) refers to llsshr.o(.text) for __aeabi_lasr
    inv_mpu_dmp_motion_driver.o(.text) refers to llshl.o(.text) for __aeabi_llsl
    inv_mpu_dmp_motion_driver.o(.text) refers to inv_mpu_dmp_motion_driver.o(.constdata) for dmp_memory
    inv_mpu_dmp_motion_driver.o(.text) refers to inv_mpu_dmp_motion_driver.o(.bss) for dmp
    inv_mpu_dmp_motion_driver.o(.text) refers to ffltui.o(.text) for __aeabi_ui2f
    inv_mpu_dmp_motion_driver.o(.text) refers to fdiv.o(.text) for __aeabi_fdiv
    inv_mpu_dmp_motion_driver.o(.text) refers to fmul.o(.text) for __aeabi_fmul
    inv_mpu_dmp_motion_driver.o(.text) refers to ffixui.o(.text) for __aeabi_f2uiz
    inv_mpu_dmp_motion_driver.o(.text) refers to memseta.o(.text) for __aeabi_memset
    iic.o(.text) refers to stm32f10x_gpio.o(.text) for GPIO_SetBits
    led.o(.text) refers to stm32f10x_rcc.o(.text) for RCC_APB2PeriphClockCmd
    led.o(.text) refers to stm32f10x_gpio.o(.text) for GPIO_Init
    getdata.o(.text) refers to f2d.o(.text) for __aeabi_f2d
    getdata.o(.text) refers to dadd.o(.text) for __aeabi_dadd
    getdata.o(.text) refers to d2f.o(.text) for __aeabi_d2f
    getdata.o(.text) refers to fmul.o(.text) for __aeabi_fmul
    getdata.o(.text) refers to fadd.o(.text) for __aeabi_fsub
    getdata.o(.text) refers to inv_mpu_dmp_motion_driver.o(.text) for dmp_read_fifo
    getdata.o(.text) refers to fflti.o(.text) for __aeabi_i2f
    getdata.o(.text) refers to fdiv.o(.text) for __aeabi_fdiv
    getdata.o(.text) refers to pow.o(i.pow) for pow
    getdata.o(.text) refers to sqrt.o(i.sqrt) for sqrt
    getdata.o(.text) refers to dmul.o(.text) for __aeabi_dmul
    getdata.o(.text) refers to getdata.o(.data) for stop
    getdata.o(.text) refers to getdata.o(.bss) for quat
    getdata.o(.text) refers to acos.o(i.acos) for acos
    getdata.o(.text) refers to ddiv.o(.text) for __aeabi_ddiv
[...]
    printf3.o(i.__0printf$3) refers to usart2.o(.text) for fputc
    printf3.o(i.__0printf$3) refers to stdout.o(.data) for __stdout
    printf3.o(i.__0snprintf$3) refers to printf3.o(i._printf_core) for _printf_core
    printf3.o(i.__0snprintf$3) refers to printf3.o(i._snputc) for _snputc
    printf3.o(i.__0sprintf$3) refers to printf3.o(i._printf_core) for _printf_core
    printf3.o(i.__0sprintf$3) refers to printf3.o(i._sputc) for _sputc
    printf3.o(i.__0vfprintf$3) refers to printf3.o(i._printf_core) for _printf_core
    printf3.o(i.__0vfprintf$3) refers to usart2.o(.text) for fputc
    printf3.o(i.__0vprintf$3) refers to printf3.o(i._printf_core) for _printf_core
    printf3.o(i.__0vprintf$3) refers to usart2.o(.text) for fputc
    printf3.o(i.__0vprintf$3) refers to stdout.o(.data) for __stdout
    printf3.o(i.__0vsnprintf$3) refers to printf3.o(i._printf_core) for _printf_core
    printf3.o(i.__0vsnprintf$3) refers to printf3.o(i._snputc) for _snputc
    printf3.o(i.__0vsprintf$3) refers to printf3.o(i._printf_core) for _printf_core
    printf3.o(i.__0vsprintf$3) refers to printf3.o(i._sputc) for _sputc
    printf3.o(i._printf_core) refers to uidiv.o(.text) for __aeabi_uidivmod
    printf4.o(i.__0fprintf$4) refers to printf4.o(i._printf_core) for _printf_core
    printf4.o(i.__0fprintf$4) refers to usart2.o(.text) for fputc
    printf4.o(i.__0printf$4) refers to printf4.o(i._printf_core) for _printf_core
    printf4.o(i.__0printf$4) refers to usart2.o(.text) for fputc
    printf4.o(i.__0printf$4) refers to stdout.o(.data) for __stdout
    printf4.o(i.__0snprintf$4) refers to printf4.o(i._printf_core) for _printf_core
    printf4.o(i.__0snprintf$4) refers to printf4.o(i._snputc) for _snputc
    printf4.o(i.__0sprintf$4) refers to printf4.o(i._printf_core) for _printf_core
    printf4.o(i.__0sprintf$4) refers to printf4.o(i._sputc) for _sputc
    printf4.o(i.__0vfprintf$4) refers to printf4.o(i._printf_core) for _printf_core
    printf4.o(i.__0vfprintf$4) refers to usart2.o(.text) for fputc
    printf4.o(i.__0vprintf$4) refers to printf4.o(i._printf_core) for _printf_core
    printf4.o(i.__0vprintf$4) refers to usart2.o(.text) for fputc
    printf4.o(i.__0vprintf$4) refers to stdout.o(.data) for __stdout
    printf4.o(i.__0vsnprintf$4) refers to printf4.o(i._printf_core) for _printf_core
    printf4.o(i.__0vsnprintf$4) refers to printf4.o(i._snputc) for _snputc
    printf4.o(i.__0vsprintf$4) refers to printf4.o(i._printf_core) for _printf_core
    printf4.o(i.__0vsprintf$4) refers to printf4.o(i._sputc) for _sputc
    printf4.o(i._printf_core) refers to uldiv.o(.text) for __aeabi_uldivmod
    printf5.o(i.__0fprintf$5) refers to printf5.o(i._printf_core) for _printf_core
    printf5.o(i.__0fprintf$5) refers to usart2.o(.text) for fputc
    printf5.o(i.__0printf$5) refers to printf5.o(i._printf_core) for _printf_core
    printf5.o(i.__0printf$5) refers to usart2.o(.text) for fputc
    printf5.o(i.__0printf$5) refers to stdout.o(.data) for __stdout
    printf5.o(i.__0snprintf$5) refers to printf5.o(i._printf_core) for _printf_core
    printf5.o(i.__0snprintf$5) refers to printf5.o(i._snputc) for _snputc
    printf5.o(i.__0sprintf$5) refers to printf5.o(i._printf_core) for _printf_core
    printf5.o(i.__0sprintf$5) refers to printf5.o(i._sputc) for _sputc
    printf5.o(i.__0vfprintf$5) refers to printf5.o(i._printf_core) for _printf_core
    printf5.o(i.__0vfprintf$5) refers to usart2.o(.text) for fputc
    printf5.o(i.__0vprintf$5) refers to printf5.o(i._printf_core) for _printf_core
    printf5.o(i.__0vprintf$5) refers to usart2.o(.text) for fputc
    printf5.o(i.__0vprintf$5) refers to stdout.o(.data) for __stdout
    printf5.o(i.__0vsnprintf$5) refers to printf5.o(i._printf_core) for _printf_core
    printf5.o(i.__0vsnprintf$5) refers to printf5.o(i._snputc) for _snputc
    printf5.o(i.__0vsprintf$5) refers to printf5.o(i._printf_core) for _printf_core
    printf5.o(i.__0vsprintf$5) refers to printf5.o(i._sputc) for _sputc
    printf5.o(i._printf_core) refers to uldiv.o(.text) for __aeabi_uldivmod
    printf6.o(i.__0fprintf$6) refers to printf6.o(i._printf_core) for _printf_core
    printf6.o(i.__0fprintf$6) refers to usart2.o(.text) for fputc
    printf6.o(i.__0printf$6) refers to printf6.o(i._printf_core) for _printf_core
    printf6.o(i.__0printf$6) refers to usart2.o(.text) for fputc
    printf6.o(i.__0printf$6) refers to stdout.o(.data) for __stdout
    printf6.o(i.__0snprintf$6) refers to printf6.o(i._printf_core) for _printf_core
    printf6.o(i.__0snprintf$6) refers to printf6.o(i._snputc) for _snputc
    printf6.o(i.__0sprintf$6) refers to printf6.o(i._printf_core) for _printf_core
    printf6.o(i.__0sprintf$6) refers to printf6.o(i._sputc) for _sputc
    printf6.o(i.__0vfprintf$6) refers to printf6.o(i._printf_core) for _printf_core
    printf6.o(i.__0vfprintf$6) refers to usart2.o(.text) for fputc
    printf6.o(i.__0vprintf$6) refers to printf6.o(i._printf_core) for _printf_core
    printf6.o(i.__0vprintf$6) refers to usart2.o(.text) for fputc
    printf6.o(i.__0vprintf$6) refers to stdout.o(.data) for __stdout
    printf6.o(i.__0vsnprintf$6) refers to printf6.o(i._printf_core) for _printf_core
    printf6.o(i.__0vsnprintf$6) refers to printf6.o(i._snputc) for _snputc
    printf6.o(i.__0vsprintf$6) refers to printf6.o(i._printf_core) for _printf_core
    printf6.o(i.__0vsprintf$6) refers to printf6.o(i._sputc) for _sputc
    printf6.o(i._printf_core) refers to printf6.o(i._printf_pre_padding) for _printf_pre_padding
    printf6.o(i._printf_core) refers to uidiv.o(.text) for __aeabi_uidivmod
    printf6.o(i._printf_core) refers to printf6.o(i._printf_post_padding) for _printf_post_padding
    printf7.o(i.__0fprintf$7) refers to printf7.o(i._printf_core) for _printf_core
    printf7.o(i.__0fprintf$7) refers to usart2.o(.text) for fputc
    printf7.o(i.__0printf$7) refers to printf7.o(i._printf_core) for _printf_core
    printf7.o(i.__0printf$7) refers to usart2.o(.text) for fputc
    printf7.o(i.__0printf$7) refers to stdout.o(.data) for __stdout
    printf7.o(i.__0snprintf$7) refers to printf7.o(i._printf_core) for _printf_core
    printf7.o(i.__0snprintf$7) refers to printf7.o(i._snputc) for _snputc
    printf7.o(i.__0sprintf$7) refers to printf7.o(i._printf_core) for _printf_core
    printf7.o(i.__0sprintf$7) refers to printf7.o(i._sputc) for _sputc
    printf7.o(i.__0vfprintf$7) refers to printf7.o(i._printf_core) for _printf_core
    printf7.o(i.__0vfprintf$7) refers to usart2.o(.text) for fputc
    printf7.o(i.__0vprintf$7) refers to printf7.o(i._printf_core) for _printf_core
    printf7.o(i.__0vprintf$7) refers to usart2.o(.text) for fputc
    printf7.o(i.__0vprintf$7) refers to stdout.o(.data) for __stdout
    printf7.o(i.__0vsnprintf$7) refers to printf7.o(i._printf_core) for _printf_core
    printf7.o(i.__0vsnprintf$7) refers to printf7.o(i._snputc) for _snputc
    printf7.o(i.__0vsprintf$7) refers to printf7.o(i._printf_core) for _printf_core
    printf7.o(i.__0vsprintf$7) refers to printf7.o(i._sputc) for _sputc
    printf7.o(i._printf_core) refers to printf7.o(i._printf_pre_padding) for _printf_pre_padding
    printf7.o(i._printf_core) refers to uldiv.o(.text) for __aeabi_uldivmod
    printf7.o(i._printf_core) refers to printf7.o(i._printf_post_padding) for _printf_post_padding
    printf8.o(i.__0fprintf$8) refers to printf8.o(i._printf_core) for _printf_core
    printf8.o(i.__0fprintf$8) refers to usart2.o(.text) for fputc
    printf8.o(i.__0printf$8) refers to printf8.o(i._printf_core) for _printf_core
    printf8.o(i.__0printf$8) refers to usart2.o(.text) for fputc
    printf8.o(i.__0printf$8) refers to stdout.o(.data) for __stdout
    printf8.o(i.__0snprintf$8) refers to printf8.o(i._printf_core) for _printf_core
    printf8.o(i.__0snprintf$8) refers to printf8.o(i._snputc) for _snputc
    printf8.o(i.__0sprintf$8) refers to printf8.o(i._printf_core) for _printf_core
    printf8.o(i.__0sprintf$8) refers to printf8.o(i._sputc) for _sputc
    printf8.o(i.__0vfprintf$8) refers to printf8.o(i._printf_core) for _printf_core
    printf8.o(i.__0vfprintf$8) refers to usart2.o(.text) for fputc
    printf8.o(i.__0vprintf$8) refers to printf8.o(i._printf_core) for _printf_core
    printf8.o(i.__0vprintf$8) refers to usart2.o(.text) for fputc
    printf8.o(i.__0vprintf$8) refers to stdout.o(.data) for __stdout
    printf8.o(i.__0vsnprintf$8) refers to printf8.o(i._printf_core) for _printf_core
    printf8.o(i.__0vsnprintf$8) refers to printf8.o(i._snputc) for _snputc
    printf8.o(i.__0vsprintf$8) refers to printf8.o(i._printf_core) for _printf_core
    printf8.o(i.__0vsprintf$8) refers to printf8.o(i._sputc) for _sputc
    printf8.o(i._printf_core) refers to printf8.o(i._printf_pre_padding) for _printf_pre_padding
    printf8.o(i._printf_core) refers to uldiv.o(.text) for __aeabi_uldivmod
    printf8.o(i._printf_core) refers to printf8.o(i._printf_post_padding) for _printf_post_padding
    printfa.o(i.__0fprintf) refers (Special) to iusefp.o(.text) for __I$use$fp
    printfa.o(i.__0fprintf) refers to printfa.o(i._printf_core) for _printf_core
    printfa.o(i.__0fprintf) refers to usart2.o(.text) for fputc
    printfa.o(i.__0printf) refers (Special) to iusefp.o(.text) for __I$use$fp
    printfa.o(i.__0printf) refers to printfa.o(i._printf_core) for _printf_core
    printfa.o(i.__0printf) refers to usart2.o(.text) for fputc
    printfa.o(i.__0printf) refers to stdout.o(.data) for __stdout
    printfa.o(i.__0snprintf) refers (Special) to iusefp.o(.text) for __I$use$fp
    printfa.o(i.__0snprintf) refers to printfa.o(i._printf_core) for _printf_core
    printfa.o(i.__0snprintf) refers to printfa.o(i._snputc) for _snputc
    printfa.o(i.__0sprintf) refers (Special) to iusefp.o(.text) for __I$use$fp
    printfa.o(i.__0sprintf) refers to printfa.o(i._printf_core) for _printf_core
    printfa.o(i.__0sprintf) refers to printfa.o(i._sputc) for _sputc
    printfa.o(i.__0vfprintf) refers (Special) to iusefp.o(.text) for __I$use$fp
    printfa.o(i.__0vfprintf) refers to printfa.o(i._printf_core) for _printf_core
    printfa.o(i.__0vfprintf) refers to usart2.o(.text) for fputc
    printfa.o(i.__0vprintf) refers (Special) to iusefp.o(.text) for __I$use$fp
    printfa.o(i.__0vprintf) refers to printfa.o(i._printf_core) for _printf_core
    printfa.o(i.__0vprintf) refers to usart2.o(.text) for fputc
    printfa.o(i.__0vprintf) refers to stdout.o(.data) for __stdout
    printfa.o(i.__0vsnprintf) refers (Special) to iusefp.o(.text) for __I$use$fp
    printfa.o(i.__0vsnprintf) refers to printfa.o(i._printf_core) for _printf_core
    printfa.o(i.__0vsnprintf) refers to printfa.o(i._snputc) for _snputc
    printfa.o(i.__0vsprintf) refers (Special) to iusefp.o(.text) for __I$use$fp
    printfa.o(i.__0vsprintf) refers to printfa.o(i._printf_core) for _printf_core
    printfa.o(i.__0vsprintf) refers to printfa.o(i._sputc) for _sputc
    printfa.o(i._fp_digits) refers (Special) to iusefp.o(.text) for __I$use$fp
    printfa.o(i._fp_digits) refers to dmul.o(.text) for __aeabi_dmul
    printfa.o(i._fp_digits) refers to ddiv.o(.text) for __aeabi_ddiv
    printfa.o(i._fp_digits) refers to cdrcmple.o(.text) for __aeabi_cdrcmple
    printfa.o(i._fp_digits) refers to dadd.o(.text) for __aeabi_dadd
    printfa.o(i._fp_digits) refers to dfixul.o(.text) for __aeabi_d2ulz
    printfa.o(i._fp_digits) refers to uldiv.o(.text) for __aeabi_uldivmod
    printfa.o(i._printf_core) refers (Special) to iusefp.o(.text) for __I$use$fp
    printfa.o(i._printf_core) refers to printfa.o(i._printf_pre_padding) for _printf_pre_padding
    printfa.o(i._printf_core) refers to uldiv.o(.text) for __aeabi_uldivmod
    printfa.o(i._printf_core) refers to printfa.o(i._printf_post_padding) for _printf_post_padding
    printfa.o(i._printf_core) refers to printfa.o(i._fp_digits) for _fp_digits
    printfa.o(i._printf_core) refers to uidiv.o(.text) for __aeabi_uidivmod
    printfa.o(i._printf_post_padding) refers (Special) to iusefp.o(.text) for __I$use$fp
    printfa.o(i._printf_pre_padding) refers (Special) to iusefp.o(.text) for __I$use$fp
    printfa.o(i._snputc) refers (Special) to iusefp.o(.text) for __I$use$fp
    printfa.o(i._sputc) refers (Special) to iusefp.o(.text) for __I$use$fp
    fadd.o(.text) refers (Special) to iusefp.o(.text) for __I$use$fp
    fadd.o(.text) refers to fepilogue.o(.text) for _float_epilogue
    fmul.o(.text) refers (Special) to iusefp.o(.text) for __I$use$fp
    fdiv.o(.text) refers (Special) to iusefp.o(.text) for __I$use$fp
    fdiv.o(.text) refers to fepilogue.o(.text) for _float_round
    dadd.o(.text) refers (Special) to iusefp.o(.text) for __I$use$fp
    dadd.o(.text) refers to llshl.o(.text) for __aeabi_llsl
    dadd.o(.text) refers to llsshr.o(.text) for __aeabi_lasr
    dadd.o(.text) refers to depilogue.o(.text) for _double_epilogue
    dmul.o(.text) refers (Special) to iusefp.o(.text) for __I$use$fp
    dmul.o(.text) refers to depilogue.o(.text) for _double_epilogue
    ddiv.o(.text) refers (Special) to iusefp.o(.text) for __I$use$fp
    ddiv.o(.text) refers to depilogue.o(.text) for _double_round
    fflti.o(.text) refers (Special) to iusefp.o(.text) for __I$use$fp
    fflti.o(.text) refers to fepilogue.o(.text) for _float_epilogue
    ffltui.o(.text) refers (Special) to iusefp.o(.text) for __I$use$fp
    ffltui.o(.text) refers to fepilogue.o(.text) for _float_epilogue
    ffixi.o(.text) refers (Special) to iusefp.o(.text) for __I$use$fp
    ffixui.o(.text) refers (Special) to iusefp.o(.text) for __I$use$fp
    f2d.o(.text) refers (Special) to iusefp.o(.text) for __I$use$fp
    d2f.o(.text) refers (Special) to iusefp.o(.text) for __I$use$fp
    d2f.o(.text) refers to fepilogue.o(.text) for _float_round
    cfcmple.o(.text) refers (Special) to iusefp.o(.text) for __I$use$fp
    cfrcmple.o(.text) refers (Special) to iusefp.o(.text) for __I$use$fp
    dunder.o(i.__mathlib_dbl_underflow) refers to dscalb.o(.text) for scalbn
    fpclassify.o(i.__ARM_fpclassify) refers (Special) to iusefp.o(.text) for __I$use$fp
    poly.o(i.__kernel_poly) refers (Special) to iusefp.o(.text) for __I$use$fp
    poly.o(i.__kernel_poly) refers to dmul.o(.text) for __aeabi_dmul
    poly.o(i.__kernel_poly) refers to dadd.o(.text) for __aeabi_dadd
    qnan.o(.constdata) refers (Special) to iusefp.o(.text) for __I$use$fp
    entry2.o(.ARM.Collect$$$$00000001) refers to entry2.o(.ARM.Collect$$$$00002712) for __lit__00000000
    entry2.o(.ARM.Collect$$$$00002712) refers to startup_stm32f10x_hd.o(STACK) for __initial_sp
    entry2.o(__vectab_stack_and_reset_area) refers to startup_stm32f10x_hd.o(STACK) for __initial_sp
    entry2.o(__vectab_stack_and_reset_area) refers to entry.o(.ARM.Collect$$$$00000000) for __main
    entry5.o(.ARM.Collect$$$$00000004) refers to init.o(.text) for __scatterload
    entry7.o(.ARM.Collect$$$$00000007) refers to main.o(.text) for main
    uldiv.o(.text) refers to llushr.o(.text) for __aeabi_llsr
    uldiv.o(.text) refers to llshl.o(.text) for __aeabi_llsl
    errno.o(i.__aeabi_errno_addr) refers to errno.o(.data) for .data
    errno.o(i.__read_errno) refers to errno.o(.data) for .data
    errno.o(i.__set_errno) refers to errno.o(.data) for .data
    depilogue.o(.text) refers to llshl.o(.text) for __aeabi_llsl
    depilogue.o(.text) refers to llushr.o(.text) for __aeabi_llsr
    dsqrt.o(.text) refers to llushr.o(.text) for __aeabi_llsr
    dsqrt.o(.text) refers to depilogue.o(.text) for _double_round
    dflti.o(.text) refers to depilogue.o(.text) for _double_epilogue
    dfixul.o(.text) refers to llushr.o(.text) for __aeabi_llsr
    dfixul.o(.text) refers to llshl.o(.text) for __aeabi_llsl
    init.o(.text) refers to entry5.o(.ARM.Collect$$$$00000004) for __main_after_scatterload


==============================================================================

Removing Unused input sections from the image.

    Removing main.o(.data), (9 bytes).
    Removing stm32f10x_it.o(.data), (9 bytes).
    Removing usart1.o(.text), (536 bytes).
    Removing startup_stm32f10x_hd.o(HEAP), (512 bytes).
    Removing stm32f10x_i2c.o(.text), (1008 bytes).
    Removing core_cm3.o(.emb_text), (32 bytes).
    Removing cdcmple.o(.text), (40 bytes).

7 unused section(s) (total 2146 bytes) removed from the image.

==============================================================================

Image Symbol Table

    Local Symbols

    Symbol Name                              Value     Ov Type        Size  Object(Section)

    ../../acos.c                             0x00000000   Number         0  acos.o ABSOLUTE
    ../../acos.c                             0x00000000   Number         0  acos_x.o ABSOLUTE
    ../../dunder.c                           0x00000000   Number         0  dunder.o ABSOLUTE
    ../../fpclassify.c                       0x00000000   Number         0  fpclassify.o ABSOLUTE
    ../../microlib/d2f.c                     0x00000000   Number         0  d2f.o ABSOLUTE
    ../../microlib/division.c                0x00000000   Number         0  uidiv.o ABSOLUTE
    ../../microlib/division.c                0x00000000   Number         0  uldiv.o ABSOLUTE
    ../../microlib/division.c                0x00000000   Number         0  ldiv.o ABSOLUTE
    ../../microlib/errno.c                   0x00000000   Number         0  errno.o ABSOLUTE
    ../../microlib/f2d.c                     0x00000000   Number         0  f2d.o ABSOLUTE
    ../../microlib/fpadd.c                   0x00000000   Number         0  dadd.o ABSOLUTE
    ../../microlib/fpadd.c                   0x00000000   Number         0  fadd.o ABSOLUTE
    ../../microlib/fpdiv.c                   0x00000000   Number         0  fdiv.o ABSOLUTE
    ../../microlib/fpdiv.c                   0x00000000   Number         0  ddiv.o ABSOLUTE
    ../../microlib/fpepilogue.c              0x00000000   Number         0  fepilogue.o ABSOLUTE
    ../../microlib/fpepilogue.c              0x00000000   Number         0  depilogue.o ABSOLUTE
    ../../microlib/fpfix.c                   0x00000000   Number         0  ffixi.o ABSOLUTE
    ../../microlib/fpfix.c                   0x00000000   Number         0  ffixui.o ABSOLUTE
    ../../microlib/fpfix.c                   0x00000000   Number         0  dfixul.o ABSOLUTE
    ../../microlib/fpflt.c                   0x00000000   Number         0  dflti.o ABSOLUTE
    ../../microlib/fpflt.c                   0x00000000   Number         0  fflti.o ABSOLUTE
    ../../microlib/fpflt.c                   0x00000000   Number         0  ffltui.o ABSOLUTE
    ../../microlib/fpmul.c                   0x00000000   Number         0  fmul.o ABSOLUTE
    ../../microlib/fpmul.c                   0x00000000   Number         0  dmul.o ABSOLUTE
    ../../microlib/fpscalb.c                 0x00000000   Number         0  dscalb.o ABSOLUTE
    ../../microlib/fpsqrt.c                  0x00000000   Number         0  dsqrt.o ABSOLUTE
    ../../microlib/init/entry.s              0x00000000   Number         0  entry.o ABSOLUTE
    ../../microlib/init/entry.s              0x00000000   Number         0  entry2.o ABSOLUTE
    ../../microlib/init/entry.s              0x00000000   Number         0  entry7.o ABSOLUTE
    ../../microlib/init/entry.s              0x00000000   Number         0  entry5.o ABSOLUTE
    ../../microlib/longlong.c                0x00000000   Number         0  llshl.o ABSOLUTE
    ../../microlib/longlong.c                0x00000000   Number         0  llushr.o ABSOLUTE
    ../../microlib/longlong.c                0x00000000   Number         0  llsshr.o ABSOLUTE
    ../../microlib/printf/printf.c           0x00000000   Number         0  printfa.o ABSOLUTE
    ../../microlib/printf/printf.c           0x00000000   Number         0  printf8.o ABSOLUTE
    ../../microlib/printf/printf.c           0x00000000   Number         0  printf7.o ABSOLUTE
    ../../microlib/printf/printf.c           0x00000000   Number         0  printf6.o ABSOLUTE
    ../../microlib/printf/printf.c           0x00000000   Number         0  printf1.o ABSOLUTE
    ../../microlib/printf/printf.c           0x00000000   Number         0  printf5.o ABSOLUTE
    ../../microlib/printf/printf.c           0x00000000   Number         0  printfb.o ABSOLUTE
    ../../microlib/printf/printf.c           0x00000000   Number         0  printf0.o ABSOLUTE
    ../../microlib/printf/printf.c           0x00000000   Number         0  printf2.o ABSOLUTE
    ../../microlib/printf/printf.c           0x00000000   Number         0  printf3.o ABSOLUTE
    ../../microlib/printf/printf.c           0x00000000   Number         0  printf4.o ABSOLUTE
    ../../microlib/printf/stubs.s            0x00000000   Number         0  stubs.o ABSOLUTE
    ../../microlib/stdio/streams.c           0x00000000   Number         0  stdout.o ABSOLUTE
    ../../microlib/string/memcmp.c           0x00000000   Number         0  memcmp.o ABSOLUTE
    ../../microlib/string/memset.c           0x00000000   Number         0  memseta.o ABSOLUTE
    ../../microlib/stubs.s                   0x00000000   Number         0  iusefp.o ABSOLUTE
    ../../poly.c                             0x00000000   Number         0  poly.o ABSOLUTE
    ../../pow.c                              0x00000000   Number         0  pow_x.o ABSOLUTE
    ../../pow.c                              0x00000000   Number         0  pow.o ABSOLUTE
    ../../qnan.c                             0x00000000   Number         0  qnan.o ABSOLUTE
    ../../sqrt.c                             0x00000000   Number         0  sqrt.o ABSOLUTE
    ../../sqrt.c                             0x00000000   Number         0  sqrt_x.o ABSOLUTE
    ..\CMSIS\core_cm3.c                      0x00000000   Number         0  core_cm3.o ABSOLUTE
    ..\CMSIS\startup_stm32f10x_hd.s          0x00000000   Number         0  startup_stm32f10x_hd.o ABSOLUTE
    ..\CMSIS\system_stm32f10x.c              0x00000000   Number         0  system_stm32f10x.o ABSOLUTE
    ..\FWlib\src\misc.c                      0x00000000   Number         0  misc.o ABSOLUTE
    ..\FWlib\src\stm32f10x_gpio.c            0x00000000   Number         0  stm32f10x_gpio.o ABSOLUTE
    ..\FWlib\src\stm32f10x_i2c.c             0x00000000   Number         0  stm32f10x_i2c.o ABSOLUTE
    ..\FWlib\src\stm32f10x_rcc.c             0x00000000   Number         0  stm32f10x_rcc.o ABSOLUTE
    ..\FWlib\src\stm32f10x_usart.c           0x00000000   Number         0  stm32f10x_usart.o ABSOLUTE
    ..\\CMSIS\\core_cm3.c                    0x00000000   Number         0  core_cm3.o ABSOLUTE
    IIC.c                                    0x00000000   Number         0  iic.o ABSOLUTE
    SysTick.c                                0x00000000   Number         0  systick.o ABSOLUTE
    cdcmple.s                                0x00000000   Number         0  cdcmple.o ABSOLUTE
    cdrcmple.s                               0x00000000   Number         0  cdrcmple.o ABSOLUTE
    cfcmple.s                                0x00000000   Number         0  cfcmple.o ABSOLUTE
    cfrcmple.s                               0x00000000   Number         0  cfrcmple.o ABSOLUTE
    dc.s                                     0x00000000   Number         0  dc.o ABSOLUTE
    getdata.c                                0x00000000   Number         0  getdata.o ABSOLUTE
    handlers.s                               0x00000000   Number         0  handlers.o ABSOLUTE
    init.s                                   0x00000000   Number         0  init.o ABSOLUTE
    inv_mpu.c                                0x00000000   Number         0  inv_mpu.o ABSOLUTE
    inv_mpu_dmp_motion_driver.c              0x00000000   Number         0  inv_mpu_dmp_motion_driver.o ABSOLUTE
    led.c                                    0x00000000   Number         0  led.o ABSOLUTE
    main.c                                   0x00000000   Number         0  main.o ABSOLUTE
    stm32f10x_it.c                           0x00000000   Number         0  stm32f10x_it.o ABSOLUTE
    usart1.c                                 0x00000000   Number         0  usart1.o ABSOLUTE
    usart2.c                                 0x00000000   Number         0  usart2.o ABSOLUTE
    RESET                                    0x08000000   Section      304  startup_stm32f10x_hd.o(RESET)
    .ARM.Collect$$$$00000000                 0x08000130   Section        0  entry.o(.ARM.Collect$$$$00000000)
    .ARM.Collect$$$$00000001                 0x08000130   Section        4  entry2.o(.ARM.Collect$$$$00000001)
    .ARM.Collect$$$$00000004                 0x08000134   Section        4  entry5.o(.ARM.Collect$$$$00000004)
    .ARM.Collect$$$$00000007                 0x08000138   Section        8  entry7.o(.ARM.Collect$$$$00000007)
    .ARM.Collect$$$$00002712                 0x08000140   Section        4  entry2.o(.ARM.Collect$$$$00002712)
    __lit__00000000                          0x08000140   Data           4  entry2.o(.ARM.Collect$$$$00002712)
    .text                                    0x08000144   Section        0  main.o(.text)
    .text                                    0x08000180   Section        0  stm32f10x_it.o(.text)
    .text                                    0x0800028c   Section        0  systick.o(.text)
    .text                                    0x08000364   Section        0  usart2.o(.text)
    itoa                                     0x0800040b   Thumb Code    98  usart2.o(.text)
    .text                                    0x08000620   Section        0  inv_mpu.o(.text)
    set_int_enable                           0x0800086b   Thumb Code   138  inv_mpu.o(.text)
    gyro_self_test                           0x08000f71   Thumb Code   252  inv_mpu.o(.text)
    get_accel_prod_shift                     0x0800106d   Thumb Code   168  inv_mpu.o(.text)
    accel_self_test                          0x08001115   Thumb Code   160  inv_mpu.o(.text)
    get_st_biases                            0x080011b5   Thumb Code  1202  inv_mpu.o(.text)
    .text                                    0x08002644   Section        0  inv_mpu_dmp_motion_driver.o(.text)
    decode_gesture                           0x08003125   Thumb Code    94  inv_mpu_dmp_motion_driver.o(.text)
    .text                                    0x080033dc   Section        0  iic.o(.text)
    I2C_delay                                0x080033dd   Thumb Code    12  iic.o(.text)
    I2C_Start                                0x080033e9   Thumb Code    78  iic.o(.text)
    I2C_Stop                                 0x08003437   Thumb Code    52  iic.o(.text)
    I2C_Ack                                  0x0800346b   Thumb Code    52  iic.o(.text)
    I2C_NoAck                                0x0800349f   Thumb Code    52  iic.o(.text)
    I2C_WaitAck                              0x080034d3   Thumb Code    72  iic.o(.text)
    I2C_SendByte                             0x0800351b   Thumb Code    84  iic.o(.text)
    I2C_ReceiveByte                          0x0800356f   Thumb Code    80  iic.o(.text)
    .text                                    0x08003768   Section        0  led.o(.text)
    .text                                    0x0800380c   Section        0  getdata.o(.text)
    .text                                    0x080043ac   Section       36  startup_stm32f10x_hd.o(.text)
    .text                                    0x080043d0   Section        0  stm32f10x_gpio.o(.text)
    .text                                    0x08004728   Section        0  stm32f10x_rcc.o(.text)
    .text                                    0x08004acc   Section        0  stm32f10x_usart.o(.text)
    .text                                    0x08004ed8   Section        0  misc.o(.text)
    .text                                    0x08004fd0   Section        0  system_stm32f10x.o(.text)
    SetSysClockTo72                          0x08004fd1   Thumb Code   192  system_stm32f10x.o(.text)
    SetSysClock                              0x08005091   Thumb Code     8  system_stm32f10x.o(.text)
    .text                                    0x08005198   Section        0  ldiv.o(.text)
    .text                                    0x080051f2   Section        0  llshl.o(.text)
    .text                                    0x08005210   Section        0  llsshr.o(.text)
    .text                                    0x08005234   Section        0  memseta.o(.text)
    .text                                    0x0800525a   Section        0  memcmp.o(.text)
    .text                                    0x08005274   Section        0  fadd.o(.text)
    .text                                    0x08005324   Section        0  fmul.o(.text)
    .text                                    0x08005390   Section        0  fdiv.o(.text)
    .text                                    0x08005410   Section        0  dadd.o(.text)
    .text                                    0x0800555a   Section        0  dmul.o(.text)
    .text                                    0x0800563c   Section        0  ddiv.o(.text)
    .text                                    0x0800571a   Section        0  fflti.o(.text)
    .text                                    0x0800572c   Section        0  ffltui.o(.text)
    .text                                    0x08005736   Section        0  ffixi.o(.text)
    .text                                    0x08005768   Section        0  ffixui.o(.text)
    .text                                    0x08005790   Section        0  f2d.o(.text)
    .text                                    0x080057bc   Section        0  d2f.o(.text)
    .text                                    0x080057f4   Section       20  cfcmple.o(.text)
    .text                                    0x08005808   Section       20  cfrcmple.o(.text)
    .text                                    0x0800581c   Section        0  uidiv.o(.text)
    .text                                    0x08005848   Section        0  uldiv.o(.text)
    .text                                    0x080058ae   Section        0  fepilogue.o(.text)
    .text                                    0x080058ae   Section        0  iusefp.o(.text)
    .text                                    0x0800591e   Section        0  depilogue.o(.text)
    .text                                    0x080059e0   Section        0  dscalb.o(.text)
    .text                                    0x08005a0e   Section        0  dsqrt.o(.text)
    .text                                    0x08005aae   Section        0  dflti.o(.text)
    .text                                    0x08005ad0   Section        0  dfixul.o(.text)
    .text                                    0x08005b00   Section       40  cdrcmple.o(.text)
    .text                                    0x08005b28   Section       36  init.o(.text)
    .text                                    0x08005b4c   Section        0  llushr.o(.text)
    i.__0printf                              0x08005b6c   Section        0  printfa.o(i.__0printf)
    i.__0sprintf                             0x08005b8c   Section        0  printfa.o(i.__0sprintf)
    i.__ARM_fpclassify                       0x08005bb4   Section        0  fpclassify.o(i.__ARM_fpclassify)
    i.__kernel_poly                          0x08005bdc   Section        0  poly.o(i.__kernel_poly)
    i.__mathlib_dbl_underflow                0x08005c88   Section        0  dunder.o(i.__mathlib_dbl_underflow)
    i.__scatterload_copy                     0x08005c98   Section       14  handlers.o(i.__scatterload_copy)
    i.__scatterload_null                     0x08005ca6   Section        2  handlers.o(i.__scatterload_null)
    i.__scatterload_zeroinit                 0x08005ca8   Section       14  handlers.o(i.__scatterload_zeroinit)
    i.__set_errno                            0x08005cb8   Section        0  errno.o(i.__set_errno)
    i._fp_digits                             0x08005cc4   Section        0  printfa.o(i._fp_digits)
    _fp_digits                               0x08005cc5   Thumb Code   318  printfa.o(i._fp_digits)
    i._printf_core                           0x08005e18   Section        0  printfa.o(i._printf_core)
    _printf_core                             0x08005e19   Thumb Code  1734  printfa.o(i._printf_core)
    i._printf_post_padding                   0x080064ec   Section        0  printfa.o(i._printf_post_padding)
    _printf_post_padding                     0x080064ed   Thumb Code    38  printfa.o(i._printf_post_padding)
    i._printf_pre_padding                    0x08006512   Section        0  printfa.o(i._printf_pre_padding)
    _printf_pre_padding                      0x08006513   Thumb Code    46  printfa.o(i._printf_pre_padding)
    i._sputc                                 0x08006540   Section        0  printfa.o(i._sputc)
    _sputc                                   0x08006541   Thumb Code    10  printfa.o(i._sputc)
    i.acos                                   0x0800654c   Section        0  acos.o(i.acos)
    i.pow                                    0x080067d0   Section        0  pow.o(i.pow)
    i.sqrt                                   0x080071a8   Section        0  sqrt.o(i.sqrt)
    .constdata                               0x080071f4   Section      157  inv_mpu.o(.constdata)
    .constdata                               0x08007291   Section     3062  inv_mpu_dmp_motion_driver.o(.constdata)
    dmp_memory                               0x08007291   Data        3062  inv_mpu_dmp_motion_driver.o(.constdata)
    .constdata                               0x08007e88   Section       80  acos.o(.constdata)
    pS                                       0x08007e88   Data          48  acos.o(.constdata)
    qS                                       0x08007eb8   Data          32  acos.o(.constdata)
    .constdata                               0x08007ed8   Section      136  pow.o(.constdata)
    bp                                       0x08007ed8   Data          16  pow.o(.constdata)
    dp_h                                     0x08007ee8   Data          16  pow.o(.constdata)
    dp_l                                     0x08007ef8   Data          16  pow.o(.constdata)
    L                                        0x08007f08   Data          48  pow.o(.constdata)
    P                                        0x08007f38   Data          40  pow.o(.constdata)
    .constdata                               0x08007f60   Section        8  qnan.o(.constdata)
    .data                                    0x20000000   Section        4  systick.o(.data)
    TimingDelay                              0x20000000   Data           4  systick.o(.data)
    .data                                    0x20000004   Section       44  inv_mpu.o(.data)
    st                                       0x20000004   Data          44  inv_mpu.o(.data)
    .data                                    0x20000030   Section      124  getdata.o(.data)
    gyro_orientation                         0x20000030   Data           9  getdata.o(.data)
    .data                                    0x200000ac   Section       20  stm32f10x_rcc.o(.data)
    APBAHBPrescTable                         0x200000ac   Data          16  stm32f10x_rcc.o(.data)
    ADCPrescTable                            0x200000bc   Data           4  stm32f10x_rcc.o(.data)
    .data                                    0x200000c0   Section       20  system_stm32f10x.o(.data)
    .data                                    0x200000d4   Section        4  stdout.o(.data)
    .data                                    0x200000d8   Section        4  errno.o(.data)
    _errno                                   0x200000d8   Data           4  errno.o(.data)
    .bss                                     0x200000dc   Section       16  inv_mpu_dmp_motion_driver.o(.bss)
    dmp                                      0x200000dc   Data          16  inv_mpu_dmp_motion_driver.o(.bss)
    .bss                                     0x200000ec   Section      104  getdata.o(.bss)
    STACK                                    0x20000158   Section     1024  startup_stm32f10x_hd.o(STACK)

    Global Symbols

    Symbol Name                              Value     Ov Type        Size  Object(Section)

    BuildAttributes$$THM_ISAv4$P$D$K$B$S$PE$A:L22UL41UL21$X:L11$S22US41US21$IEEE1$IW$USESV6$~STKCKD$USESV7$~SHL$OTIME$ROPI$IEEEX$EBA8$MICROLIB$REQ8$PRES8$EABIv2 0x00000000   Number         0  anon$$obj.o ABSOLUTE
    __ARM_use_no_argv                        0x00000000   Number         0  main.o ABSOLUTE
    _printf_a                                0x00000000   Number         0  stubs.o ABSOLUTE
    _printf_c                                0x00000000   Number         0  stubs.o ABSOLUTE
    _printf_charcount                        0x00000000   Number         0  stubs.o ABSOLUTE
    _printf_d                                0x00000000   Number         0  stubs.o ABSOLUTE
    _printf_e                                0x00000000   Number         0  stubs.o ABSOLUTE
    _printf_f                                0x00000000   Number         0  stubs.o ABSOLUTE
    _printf_flags                            0x00000000   Number         0  stubs.o ABSOLUTE
    _printf_fp_dec                           0x00000000   Number         0  stubs.o ABSOLUTE
    _printf_fp_hex                           0x00000000   Number         0  stubs.o ABSOLUTE
    _printf_g                                0x00000000   Number         0  stubs.o ABSOLUTE
    _printf_i                                0x00000000   Number         0  stubs.o ABSOLUTE
    _printf_int_dec                          0x00000000   Number         0  stubs.o ABSOLUTE
    _printf_l                                0x00000000   Number         0  stubs.o ABSOLUTE
    _printf_lc                               0x00000000   Number         0  stubs.o ABSOLUTE
    _printf_ll                               0x00000000   Number         0  stubs.o ABSOLUTE
    _printf_lld                              0x00000000   Number         0  stubs.o ABSOLUTE
    _printf_lli                              0x00000000   Number         0  stubs.o ABSOLUTE
    _printf_llo                              0x00000000   Number         0  stubs.o ABSOLUTE
    _printf_llu                              0x00000000   Number         0  stubs.o ABSOLUTE
    _printf_llx                              0x00000000   Number         0  stubs.o ABSOLUTE
    _printf_longlong_dec                     0x00000000   Number         0  stubs.o ABSOLUTE
    _printf_longlong_hex                     0x00000000   Number         0  stubs.o ABSOLUTE
    _printf_longlong_oct                     0x00000000   Number         0  stubs.o ABSOLUTE
    _printf_ls                               0x00000000   Number         0  stubs.o ABSOLUTE
    _printf_mbtowc                           0x00000000   Number         0  stubs.o ABSOLUTE
    _printf_n                                0x00000000   Number         0  stubs.o ABSOLUTE
    _printf_o                                0x00000000   Number         0  stubs.o ABSOLUTE
    _printf_p                                0x00000000   Number         0  stubs.o ABSOLUTE
    _printf_percent                          0x00000000   Number         0  stubs.o ABSOLUTE
    _printf_pre_padding                      0x00000000   Number         0  stubs.o ABSOLUTE
    _printf_return_value                     0x00000000   Number         0  stubs.o ABSOLUTE
    _printf_s                                0x00000000   Number         0  stubs.o ABSOLUTE
    _printf_sizespec                         0x00000000   Number         0  stubs.o ABSOLUTE
    _printf_str                              0x00000000   Number         0  stubs.o ABSOLUTE
    _printf_truncate_signed                  0x00000000   Number         0  stubs.o ABSOLUTE
    _printf_truncate_unsigned                0x00000000   Number         0  stubs.o ABSOLUTE
    _printf_u                                0x00000000   Number         0  stubs.o ABSOLUTE
    _printf_wc                               0x00000000   Number         0  stubs.o ABSOLUTE
    _printf_wctomb                           0x00000000   Number         0  stubs.o ABSOLUTE
    _printf_widthprec                        0x00000000   Number         0  stubs.o ABSOLUTE
    _printf_x                                0x00000000   Number         0  stubs.o ABSOLUTE
    __decompress                              - Undefined Weak Reference
    __Vectors_Size                           0x00000130   Number         0  startup_stm32f10x_hd.o ABSOLUTE
    __Vectors                                0x08000000   Data           4  startup_stm32f10x_hd.o(RESET)
    __Vectors_End                            0x08000130   Data           0  startup_stm32f10x_hd.o(RESET)
    __main                                   0x08000131   Thumb Code     0  entry.o(.ARM.Collect$$$$00000000)
    _main_stk                                0x08000131   Thumb Code     0  entry2.o(.ARM.Collect$$$$00000001)
    _main_scatterload                        0x08000135   Thumb Code     0  entry5.o(.ARM.Collect$$$$00000004)
    __main_after_scatterload                 0x08000139   Thumb Code     0  entry5.o(.ARM.Collect$$$$00000004)
    _main_init                               0x08000139   Thumb Code     0  entry7.o(.ARM.Collect$$$$00000007)
    main                                     0x08000145   Thumb Code    50  main.o(.text)
    NMI_Handler                              0x08000181   Thumb Code     2  stm32f10x_it.o(.text)
    HardFault_Handler                        0x08000183   Thumb Code     4  stm32f10x_it.o(.text)
    MemManage_Handler                        0x08000187   Thumb Code     4  stm32f10x_it.o(.text)
    BusFault_Handler                         0x0800018b   Thumb Code     4  stm32f10x_it.o(.text)
    UsageFault_Handler                       0x0800018f   Thumb Code     4  stm32f10x_it.o(.text)
    SVC_Handler                              0x08000193   Thumb Code     2  stm32f10x_it.o(.text)
    DebugMon_Handler                         0x08000195   Thumb Code     2  stm32f10x_it.o(.text)
    PendSV_Handler                           0x08000197   Thumb Code     2  stm32f10x_it.o(.text)
    SysTick_Handler                          0x08000199   Thumb Code     8  stm32f10x_it.o(.text)
    USART2_IRQHandler                        0x080001a1   Thumb Code   168  stm32f10x_it.o(.text)
    USART1_IRQHandler                        0x08000249   Thumb Code    22  stm32f10x_it.o(.text)
    SysTick_Init                             0x0800028d   Thumb Code   102  systick.o(.text)
    delay_us                                 0x080002f3   Thumb Code    32  systick.o(.text)
    delay_ms                                 0x08000313   Thumb Code    42  systick.o(.text)
    TimingDelay_Decrement                    0x0800033d   Thumb Code    18  systick.o(.text)
    USART2_Config                            0x08000365   Thumb Code   128  usart2.o(.text)
    NVIC_Configuration1                      0x080003e5   Thumb Code    38  usart2.o(.text)
    fputc                                    0x0800046d   Thumb Code    36  usart2.o(.text)
    USART2_printf                            0x08000491   Thumb Code   388  usart2.o(.text)
    mpu_get_accel_sens                       0x08000621   Thumb Code    78  inv_mpu.o(.text)
    mpu_get_gyro_sens                        0x0800066f   Thumb Code    58  inv_mpu.o(.text)
    mpu_reset_fifo                           0x080006a9   Thumb Code   450  inv_mpu.o(.text)
    mpu_set_lpf                              0x080008f5   Thumb Code   126  inv_mpu.o(.text)
    mpu_configure_fifo                       0x08000973   Thumb Code   106  inv_mpu.o(.text)
    mpu_set_int_latched                      0x080009dd   Thumb Code   124  inv_mpu.o(.text)
    mpu_lp_accel_mode                        0x08000a59   Thumb Code   218  inv_mpu.o(.text)
    mpu_set_sample_rate                      0x08000b33   Thumb Code   152  inv_mpu.o(.text)
    mpu_set_bypass                           0x08000bcb   Thumb Code   330  inv_mpu.o(.text)
    mpu_set_dmp_state                        0x08000d15   Thumb Code   138  inv_mpu.o(.text)
    mpu_set_sensors                          0x08000d9f   Thumb Code   208  inv_mpu.o(.text)
    mpu_set_accel_fsr                        0x08000e6f   Thumb Code   126  inv_mpu.o(.text)
    mpu_set_gyro_fsr                         0x08000eed   Thumb Code   132  inv_mpu.o(.text)
    mpu_get_fifo_config                      0x08001667   Thumb Code    12  inv_mpu.o(.text)
    mpu_get_sample_rate                      0x08001673   Thumb Code    26  inv_mpu.o(.text)
    mpu_get_lpf                              0x0800168d   Thumb Code    74  inv_mpu.o(.text)
    mpu_get_accel_fsr                        0x080016d7   Thumb Code    72  inv_mpu.o(.text)
    mpu_get_gyro_fsr                         0x0800171f   Thumb Code    64  inv_mpu.o(.text)
    mpu_run_self_test                        0x0800175f   Thumb Code   278  inv_mpu.o(.text)
    run_self_test                            0x08001875   Thumb Code   156  inv_mpu.o(.text)
    inv_row_2_scale                          0x08001911   Thumb Code    78  inv_mpu.o(.text)
    inv_orientation_matrix_to_scalar         0x0800195f   Thumb Code    40  inv_mpu.o(.text)
    get_ms                                   0x08001987   Thumb Code     2  inv_mpu.o(.text)
    mpu_reg_dump                             0x08001989   Thumb Code    72  inv_mpu.o(.text)
    mpu_read_reg                             0x080019d1   Thumb Code    66  inv_mpu.o(.text)
    mpu_init                                 0x08001a13   Thumb Code   500  inv_mpu.o(.text)
    mpu_get_gyro_reg                         0x08001c07   Thumb Code   110  inv_mpu.o(.text)
    mpu_get_accel_reg                        0x08001c75   Thumb Code   110  inv_mpu.o(.text)
    mpu_get_temperature                      0x08001ce3   Thumb Code   150  inv_mpu.o(.text)
    mpu_set_accel_bias                       0x08001d79   Thumb Code   466  inv_mpu.o(.text)
    mpu_get_compass_sample_rate              0x08001f4b   Thumb Code    10  inv_mpu.o(.text)
    mpu_set_compass_sample_rate              0x08001f55   Thumb Code     8  inv_mpu.o(.text)
    mpu_get_power_state                      0x08001f5d   Thumb Code    22  inv_mpu.o(.text)
    mpu_get_int_status                       0x08001f73   Thumb Code    64  inv_mpu.o(.text)
    mpu_read_fifo                            0x08001fb3   Thumb Code   506  inv_mpu.o(.text)
    mpu_read_fifo_stream                     0x080021ad   Thumb Code   186  inv_mpu.o(.text)
    mpu_set_int_level                        0x08002267   Thumb Code    12  inv_mpu.o(.text)
    mpu_write_mem                            0x08002273   Thumb Code   122  inv_mpu.o(.text)
    mpu_read_mem                             0x080022ed   Thumb Code   128  inv_mpu.o(.text)
    mpu_load_firmware                        0x0800236d   Thumb Code   180  inv_mpu.o(.text)
    mpu_get_dmp_state                        0x08002421   Thumb Code    14  inv_mpu.o(.text)
    mpu_get_compass_reg                      0x0800242f   Thumb Code     8  inv_mpu.o(.text)
    mpu_get_compass_fsr                      0x08002437   Thumb Code     8  inv_mpu.o(.text)
    mpu_lp_motion_interrupt                  0x0800243f   Thumb Code   512  inv_mpu.o(.text)
    dmp_load_motion_driver_firmware          0x08002645   Thumb Code    20  inv_mpu_dmp_motion_driver.o(.text)
    dmp_set_orientation                      0x08002659   Thumb Code   290  inv_mpu_dmp_motion_driver.o(.text)
    dmp_set_gyro_bias                        0x0800277b   Thumb Code   310  inv_mpu_dmp_motion_driver.o(.text)
    dmp_set_accel_bias                       0x080028b1   Thumb Code   328  inv_mpu_dmp_motion_driver.o(.text)
    dmp_set_fifo_rate                        0x080029f9   Thumb Code   136  inv_mpu_dmp_motion_driver.o(.text)
    dmp_get_fifo_rate                        0x08002a81   Thumb Code    12  inv_mpu_dmp_motion_driver.o(.text)
    dmp_set_tap_thresh                       0x08002a8d   Thumb Code   396  inv_mpu_dmp_motion_driver.o(.text)
    dmp_set_tap_axes                         0x08002c19   Thumb Code    70  inv_mpu_dmp_motion_driver.o(.text)
    dmp_set_tap_count                        0x08002c5f   Thumb Code    38  inv_mpu_dmp_motion_driver.o(.text)
    dmp_set_tap_time                         0x08002c85   Thumb Code    38  inv_mpu_dmp_motion_driver.o(.text)
    dmp_set_tap_time_multi                   0x08002cab   Thumb Code    38  inv_mpu_dmp_motion_driver.o(.text)
    dmp_set_shake_reject_thresh              0x08002cd1   Thumb Code    56  inv_mpu_dmp_motion_driver.o(.text)
    dmp_set_shake_reject_time                0x08002d09   Thumb Code    38  inv_mpu_dmp_motion_driver.o(.text)
    dmp_set_shake_reject_timeout             0x08002d2f   Thumb Code    38  inv_mpu_dmp_motion_driver.o(.text)
    dmp_get_pedometer_step_count             0x08002d55   Thumb Code    66  inv_mpu_dmp_motion_driver.o(.text)
    dmp_set_pedometer_step_count             0x08002d97   Thumb Code    42  inv_mpu_dmp_motion_driver.o(.text)
    dmp_get_pedometer_walk_time              0x08002dc1   Thumb Code    72  inv_mpu_dmp_motion_driver.o(.text)
    dmp_set_pedometer_walk_time              0x08002e09   Thumb Code    48  inv_mpu_dmp_motion_driver.o(.text)
    dmp_enable_6x_lp_quat                    0x08002e39   Thumb Code    84  inv_mpu_dmp_motion_driver.o(.text)
    dmp_enable_lp_quat                       0x08002e8d   Thumb Code    60  inv_mpu_dmp_motion_driver.o(.text)
    dmp_enable_gyro_cal                      0x08002ec9   Thumb Code    62  inv_mpu_dmp_motion_driver.o(.text)
    dmp_enable_feature                       0x08002f07   Thumb Code   530  inv_mpu_dmp_motion_driver.o(.text)
    dmp_get_enabled_features                 0x08003119   Thumb Code    12  inv_mpu_dmp_motion_driver.o(.text)
    dmp_set_interrupt_mode                   0x08003183   Thumb Code    66  inv_mpu_dmp_motion_driver.o(.text)
    dmp_read_fifo                            0x080031c5   Thumb Code   512  inv_mpu_dmp_motion_driver.o(.text)
    dmp_register_tap_cb                      0x080033c5   Thumb Code    10  inv_mpu_dmp_motion_driver.o(.text)
    dmp_register_android_orient_cb           0x080033cf   Thumb Code    10  inv_mpu_dmp_motion_driver.o(.text)
    i2cInit                                  0x080035bf   Thumb Code    42  iic.o(.text)
    i2cWriteBuffer                           0x080035e9   Thumb Code   100  iic.o(.text)
    i2cwrite                                 0x0800364d   Thumb Code    38  iic.o(.text)
    i2cRead                                  0x08003673   Thumb Code   120  iic.o(.text)
    i2cread                                  0x080036eb   Thumb Code    38  iic.o(.text)
    i2cWrite                                 0x08003711   Thumb Code    72  iic.o(.text)
    i2cGetErrorCounter                       0x08003759   Thumb Code     4  iic.o(.text)
    LED_GPIO_Config                          0x08003769   Thumb Code    46  led.o(.text)
    LED_toggle                               0x08003797   Thumb Code   112  led.o(.text)
    setStop                                  0x0800380d   Thumb Code     8  getdata.o(.text)
    resetStop                                0x08003815   Thumb Code     8  getdata.o(.text)
    incrsSVM_Th1                             0x0800381d   Thumb Code    36  getdata.o(.text)
    incrsSVM_Th2                             0x08003841   Thumb Code    36  getdata.o(.text)
    incrsSVM_Th3                             0x08003865   Thumb Code    36  getdata.o(.text)
    restoreSVM_Th                            0x08003889   Thumb Code    22  getdata.o(.text)
    incrsAng_Th1                             0x0800389f   Thumb Code    36  getdata.o(.text)
    incrsAng_Th2                             0x080038c3   Thumb Code    36  getdata.o(.text)
    restoreAng_Th                            0x080038e7   Thumb Code    14  getdata.o(.text)
    dmpGetGravity                            0x080038f5   Thumb Code   176  getdata.o(.text)
    getSVM                                   0x080039a5   Thumb Code   482  getdata.o(.text)
    getAng                                   0x08003b87   Thumb Code   360  getdata.o(.text)
    mpuDMPinit                               0x08003cef   Thumb Code   212  getdata.o(.text)
    checkAlgo                                0x08003dc3   Thumb Code  1476  getdata.o(.text)
    Reset_Handler                            0x080043ad   Thumb Code     8  startup_stm32f10x_hd.o(.text)
    ADC1_2_IRQHandler                        0x080043c7   Thumb Code     0  startup_stm32f10x_hd.o(.text)
    ADC3_IRQHandler                          0x080043c7   Thumb Code     0  startup_stm32f10x_hd.o(.text)
    CAN1_RX1_IRQHandler                      0x080043c7   Thumb Code     0  startup_stm32f10x_hd.o(.text)
    CAN1_SCE_IRQHandler                      0x080043c7   Thumb Code     0  startup_stm32f10x_hd.o(.text)
    DMA1_Channel1_IRQHandler                 0x080043c7   Thumb Code     0  startup_stm32f10x_hd.o(.text)
    DMA1_Channel2_IRQHandler                 0x080043c7   Thumb Code     0  startup_stm32f10x_hd.o(.text)
    DMA1_Channel3_IRQHandler                 0x080043c7   Thumb Code     0  startup_stm32f10x_hd.o(.text)
    DMA1_Channel4_IRQHandler                 0x080043c7   Thumb Code     0  startup_stm32f10x_hd.o(.text)
    DMA1_Channel5_IRQHandler                 0x080043c7   Thumb Code     0  startup_stm32f10x_hd.o(.text)
    DMA1_Channel6_IRQHandler                 0x080043c7   Thumb Code     0  startup_stm32f10x_hd.o(.text)
    DMA1_Channel7_IRQHandler                 0x080043c7   Thumb Code     0  startup_stm32f10x_hd.o(.text)
    DMA2_Channel1_IRQHandler                 0x080043c7   Thumb Code     0  startup_stm32f10x_hd.o(.text)
    DMA2_Channel2_IRQHandler                 0x080043c7   Thumb Code     0  startup_stm32f10x_hd.o(.text)
    DMA2_Channel3_IRQHandler                 0x080043c7   Thumb Code     0  startup_stm32f10x_hd.o(.text)
    DMA2_Channel4_5_IRQHandler               0x080043c7   Thumb Code     0  startup_stm32f10x_hd.o(.text)
    EXTI0_IRQHandler                         0x080043c7   Thumb Code     0  startup_stm32f10x_hd.o(.text)
    EXTI15_10_IRQHandler                     0x080043c7   Thumb Code     0  startup_stm32f10x_hd.o(.text)
    EXTI1_IRQHandler                         0x080043c7   Thumb Code     0  startup_stm32f10x_hd.o(.text)
    EXTI2_IRQHandler                         0x080043c7   Thumb Code     0  startup_stm32f10x_hd.o(.text)
    EXTI3_IRQHandler                         0x080043c7   Thumb Code     0  startup_stm32f10x_hd.o(.text)
    EXTI4_IRQHandler                         0x080043c7   Thumb Code     0  startup_stm32f10x_hd.o(.text)
    EXTI9_5_IRQHandler                       0x080043c7   Thumb Code     0  startup_stm32f10x_hd.o(.text)
    FLASH_IRQHandler                         0x080043c7   Thumb Code     0  startup_stm32f10x_hd.o(.text)
    FSMC_IRQHandler                          0x080043c7   Thumb Code     0  startup_stm32f10x_hd.o(.text)
    I2C1_ER_IRQHandler                       0x080043c7   Thumb Code     0  startup_stm32f10x_hd.o(.text)
    I2C1_EV_IRQHandler                       0x080043c7   Thumb Code     0  startup_stm32f10x_hd.o(.text)
    I2C2_ER_IRQHandler                       0x080043c7   Thumb Code     0  startup_stm32f10x_hd.o(.text)
    I2C2_EV_IRQHandler                       0x080043c7   Thumb Code     0  startup_stm32f10x_hd.o(.text)
    PVD_IRQHandler                           0x080043c7   Thumb Code     0  startup_stm32f10x_hd.o(.text)
    RCC_IRQHandler                           0x080043c7   Thumb Code     0  startup_stm32f10x_hd.o(.text)
    RTCAlarm_IRQHandler                      0x080043c7   Thumb Code     0  startup_stm32f10x_hd.o(.text)
    RTC_IRQHandler                           0x080043c7   Thumb Code     0  startup_stm32f10x_hd.o(.text)
    SDIO_IRQHandler                          0x080043c7   Thumb Code     0  startup_stm32f10x_hd.o(.text)
    SPI1_IRQHandler                          0x080043c7   Thumb Code     0  startup_stm32f10x_hd.o(.text)
    SPI2_IRQHandler                          0x080043c7   Thumb Code     0  startup_stm32f10x_hd.o(.text)
    SPI3_IRQHandler                          0x080043c7   Thumb Code     0  startup_stm32f10x_hd.o(.text)
    TAMPER_IRQHandler                        0x080043c7   Thumb Code     0  startup_stm32f10x_hd.o(.text)
    TIM1_BRK_IRQHandler                      0x080043c7   Thumb Code     0  startup_stm32f10x_hd.o(.text)
    TIM1_CC_IRQHandler                       0x080043c7   Thumb Code     0  startup_stm32f10x_hd.o(.text)
    TIM1_TRG_COM_IRQHandler                  0x080043c7   Thumb Code     0  startup_stm32f10x_hd.o(.text)
    TIM1_UP_IRQHandler                       0x080043c7   Thumb Code     0  startup_stm32f10x_hd.o(.text)
    TIM2_IRQHandler                          0x080043c7   Thumb Code     0  startup_stm32f10x_hd.o(.text)
    TIM3_IRQHandler                          0x080043c7   Thumb Code     0  startup_stm32f10x_hd.o(.text)
    TIM4_IRQHandler                          0x080043c7   Thumb Code     0  startup_stm32f10x_hd.o(.text)
    TIM5_IRQHandler                          0x080043c7   Thumb Code     0  startup_stm32f10x_hd.o(.text)
    TIM6_IRQHandler                          0x080043c7   Thumb Code     0  startup_stm32f10x_hd.o(.text)
    TIM7_IRQHandler                          0x080043c7   Thumb Code     0  startup_stm32f10x_hd.o(.text)
    TIM8_BRK_IRQHandler                      0x080043c7   Thumb Code     0  startup_stm32f10x_hd.o(.text)
    TIM8_CC_IRQHandler                       0x080043c7   Thumb Code     0  startup_stm32f10x_hd.o(.text)
    TIM8_TRG_COM_IRQHandler                  0x080043c7   Thumb Code     0  startup_stm32f10x_hd.o(.text)
    TIM8_UP_IRQHandler                       0x080043c7   Thumb Code     0  startup_stm32f10x_hd.o(.text)
    UART4_IRQHandler                         0x080043c7   Thumb Code     0  startup_stm32f10x_hd.o(.text)
    UART5_IRQHandler                         0x080043c7   Thumb Code     0  startup_stm32f10x_hd.o(.text)
    USART3_IRQHandler                        0x080043c7   Thumb Code     0  startup_stm32f10x_hd.o(.text)
    USBWakeUp_IRQHandler                     0x080043c7   Thumb Code     0  startup_stm32f10x_hd.o(.text)
    USB_HP_CAN1_TX_IRQHandler                0x080043c7   Thumb Code     0  startup_stm32f10x_hd.o(.text)
    USB_LP_CAN1_RX0_IRQHandler               0x080043c7   Thumb Code     0  startup_stm32f10x_hd.o(.text)
    WWDG_IRQHandler                          0x080043c7   Thumb Code     0  startup_stm32f10x_hd.o(.text)
    GPIO_DeInit                              0x080043d1   Thumb Code   172  stm32f10x_gpio.o(.text)
    GPIO_AFIODeInit                          0x0800447d   Thumb Code    20  stm32f10x_gpio.o(.text)
    GPIO_Init                                0x08004491   Thumb Code   274  stm32f10x_gpio.o(.text)
    GPIO_StructInit                          0x080045a3   Thumb Code    16  stm32f10x_gpio.o(.text)
    GPIO_ReadInputDataBit                    0x080045b3   Thumb Code    18  stm32f10x_gpio.o(.text)
    GPIO_ReadInputData                       0x080045c5   Thumb Code     8  stm32f10x_gpio.o(.text)
    GPIO_ReadOutputDataBit                   0x080045cd   Thumb Code    18  stm32f10x_gpio.o(.text)
    GPIO_ReadOutputData                      0x080045df   Thumb Code     8  stm32f10x_gpio.o(.text)
    GPIO_SetBits                             0x080045e7   Thumb Code     4  stm32f10x_gpio.o(.text)
    GPIO_ResetBits                           0x080045eb   Thumb Code     4  stm32f10x_gpio.o(.text)
    GPIO_WriteBit                            0x080045ef   Thumb Code    10  stm32f10x_gpio.o(.text)
    GPIO_Write                               0x080045f9   Thumb Code     4  stm32f10x_gpio.o(.text)
    GPIO_PinLockConfig                       0x080045fd   Thumb Code    18  stm32f10x_gpio.o(.text)
    GPIO_EventOutputConfig                   0x0800460f   Thumb Code    26  stm32f10x_gpio.o(.text)
    GPIO_EventOutputCmd                      0x08004629   Thumb Code     6  stm32f10x_gpio.o(.text)
    GPIO_PinRemapConfig                      0x0800462f   Thumb Code   138  stm32f10x_gpio.o(.text)
    GPIO_EXTILineConfig                      0x080046b9   Thumb Code    66  stm32f10x_gpio.o(.text)
    GPIO_ETH_MediaInterfaceConfig            0x080046fb   Thumb Code     6  stm32f10x_gpio.o(.text)
    RCC_DeInit                               0x08004729   Thumb Code    64  stm32f10x_rcc.o(.text)
    RCC_HSEConfig                            0x08004769   Thumb Code    70  stm32f10x_rcc.o(.text)
    RCC_GetFlagStatus                        0x080047af   Thumb Code    56  stm32f10x_rcc.o(.text)
    RCC_WaitForHSEStartUp                    0x080047e7   Thumb Code    48  stm32f10x_rcc.o(.text)
    RCC_AdjustHSICalibrationValue            0x08004817   Thumb Code    20  stm32f10x_rcc.o(.text)
    RCC_HSICmd                               0x0800482b   Thumb Code     6  stm32f10x_rcc.o(.text)
    RCC_PLLConfig                            0x08004831   Thumb Code    24  stm32f10x_rcc.o(.text)
    RCC_PLLCmd                               0x08004849   Thumb Code     6  stm32f10x_rcc.o(.text)
    RCC_SYSCLKConfig                         0x0800484f   Thumb Code    18  stm32f10x_rcc.o(.text)
    RCC_GetSYSCLKSource                      0x08004861   Thumb Code    10  stm32f10x_rcc.o(.text)
    RCC_HCLKConfig                           0x0800486b   Thumb Code    18  stm32f10x_rcc.o(.text)
    RCC_PCLK1Config                          0x0800487d   Thumb Code    18  stm32f10x_rcc.o(.text)
    RCC_PCLK2Config                          0x0800488f   Thumb Code    20  stm32f10x_rcc.o(.text)
    RCC_ITConfig                             0x080048a3   Thumb Code    30  stm32f10x_rcc.o(.text)
    RCC_USBCLKConfig                         0x080048c1   Thumb Code     6  stm32f10x_rcc.o(.text)
    RCC_ADCCLKConfig                         0x080048c7   Thumb Code    18  stm32f10x_rcc.o(.text)
    RCC_LSEConfig                            0x080048d9   Thumb Code    44  stm32f10x_rcc.o(.text)
    RCC_LSICmd                               0x08004905   Thumb Code     6  stm32f10x_rcc.o(.text)
    RCC_RTCCLKConfig                         0x0800490b   Thumb Code    12  stm32f10x_rcc.o(.text)
    RCC_RTCCLKCmd                            0x08004917   Thumb Code     6  stm32f10x_rcc.o(.text)
    RCC_GetClocksFreq                        0x0800491d   Thumb Code   192  stm32f10x_rcc.o(.text)
    RCC_AHBPeriphClockCmd                    0x080049dd   Thumb Code    26  stm32f10x_rcc.o(.text)
    RCC_APB2PeriphClockCmd                   0x080049f7   Thumb Code    26  stm32f10x_rcc.o(.text)
    RCC_APB1PeriphClockCmd                   0x08004a11   Thumb Code    26  stm32f10x_rcc.o(.text)
    RCC_APB2PeriphResetCmd                   0x08004a2b   Thumb Code    26  stm32f10x_rcc.o(.text)
    RCC_APB1PeriphResetCmd                   0x08004a45   Thumb Code    26  stm32f10x_rcc.o(.text)
    RCC_BackupResetCmd                       0x08004a5f   Thumb Code     6  stm32f10x_rcc.o(.text)
    RCC_ClockSecuritySystemCmd               0x08004a65   Thumb Code     6  stm32f10x_rcc.o(.text)
    RCC_MCOConfig                            0x08004a6b   Thumb Code     6  stm32f10x_rcc.o(.text)
    RCC_ClearFlag                            0x08004a71   Thumb Code    14  stm32f10x_rcc.o(.text)
    RCC_GetITStatus                          0x08004a7f   Thumb Code    20  stm32f10x_rcc.o(.text)
    RCC_ClearITPendingBit                    0x08004a93   Thumb Code     6  stm32f10x_rcc.o(.text)
    USART_DeInit                             0x08004acd   Thumb Code   134  stm32f10x_usart.o(.text)
    USART_Init                               0x08004b53   Thumb Code   210  stm32f10x_usart.o(.text)
    USART_StructInit                         0x08004c25   Thumb Code    24  stm32f10x_usart.o(.text)
    USART_ClockInit                          0x08004c3d   Thumb Code    34  stm32f10x_usart.o(.text)
    USART_ClockStructInit                    0x08004c5f   Thumb Code    12  stm32f10x_usart.o(.text)
    USART_Cmd                                0x08004c6b   Thumb Code    24  stm32f10x_usart.o(.text)
    USART_ITConfig                           0x08004c83   Thumb Code    74  stm32f10x_usart.o(.text)
    USART_DMACmd                             0x08004ccd   Thumb Code    24  stm32f10x_usart.o(.text)
    USART_SetAddress                         0x08004ce5   Thumb Code    18  stm32f10x_usart.o(.text)
    USART_WakeUpConfig                       0x08004cf7   Thumb Code    18  stm32f10x_usart.o(.text)
    USART_ReceiverWakeUpCmd                  0x08004d09   Thumb Code    24  stm32f10x_usart.o(.text)
    USART_LINBreakDetectLengthConfig         0x08004d21   Thumb Code    18  stm32f10x_usart.o(.text)
    USART_LINCmd                             0x08004d33   Thumb Code    24  stm32f10x_usart.o(.text)
    USART_SendData                           0x08004d4b   Thumb Code     8  stm32f10x_usart.o(.text)
    USART_ReceiveData                        0x08004d53   Thumb Code    10  stm32f10x_usart.o(.text)
    USART_SendBreak                          0x08004d5d   Thumb Code    10  stm32f10x_usart.o(.text)
    USART_SetGuardTime                       0x08004d67   Thumb Code    16  stm32f10x_usart.o(.text)
    USART_SetPrescaler                       0x08004d77   Thumb Code    16  stm32f10x_usart.o(.text)
    USART_SmartCardCmd                       0x08004d87   Thumb Code    24  stm32f10x_usart.o(.text)
    USART_SmartCardNACKCmd                   0x08004d9f   Thumb Code    24  stm32f10x_usart.o(.text)
    USART_HalfDuplexCmd                      0x08004db7   Thumb Code    24  stm32f10x_usart.o(.text)
    USART_OverSampling8Cmd                   0x08004dcf   Thumb Code    22  stm32f10x_usart.o(.text)
    USART_OneBitMethodCmd                    0x08004de5   Thumb Code    24  stm32f10x_usart.o(.text)
    USART_IrDAConfig                         0x08004dfd   Thumb Code    18  stm32f10x_usart.o(.text)
    USART_IrDACmd                            0x08004e0f   Thumb Code    24  stm32f10x_usart.o(.text)
    USART_GetFlagStatus                      0x08004e27   Thumb Code    26  stm32f10x_usart.o(.text)
    USART_ClearFlag                          0x08004e41   Thumb Code    18  stm32f10x_usart.o(.text)
    USART_GetITStatus                        0x08004e53   Thumb Code    84  stm32f10x_usart.o(.text)
    USART_ClearITPendingBit                  0x08004ea7   Thumb Code    50  stm32f10x_usart.o(.text)
    NVIC_PriorityGroupConfig                 0x08004ed9   Thumb Code    10  misc.o(.text)
    NVIC_Init                                0x08004ee3   Thumb Code   118  misc.o(.text)
    NVIC_SetVectorTable                      0x08004f59   Thumb Code    12  misc.o(.text)
    NVIC_SystemLPConfig                      0x08004f65   Thumb Code    38  misc.o(.text)
    SysTick_CLKSourceConfig                  0x08004f8b   Thumb Code    40  misc.o(.text)
    SystemInit                               0x08005099   Thumb Code    78  system_stm32f10x.o(.text)
    SystemCoreClockUpdate                    0x080050e7   Thumb Code   142  system_stm32f10x.o(.text)
    __aeabi_ldivmod                          0x08005199   Thumb Code    90  ldiv.o(.text)
    __aeabi_llsl                             0x080051f3   Thumb Code    30  llshl.o(.text)
    _ll_shift_l                              0x080051f3   Thumb Code     0  llshl.o(.text)
    __aeabi_lasr                             0x08005211   Thumb Code    36  llsshr.o(.text)
    _ll_sshift_r                             0x08005211   Thumb Code     0  llsshr.o(.text)
    __aeabi_memset                           0x08005235   Thumb Code    14  memseta.o(.text)
    __aeabi_memset4                          0x08005235   Thumb Code     0  memseta.o(.text)
    __aeabi_memset8                          0x08005235   Thumb Code     0  memseta.o(.text)
    __aeabi_memclr                           0x08005243   Thumb Code     4  memseta.o(.text)
    __aeabi_memclr4                          0x08005243   Thumb Code     0  memseta.o(.text)
    __aeabi_memclr8                          0x08005243   Thumb Code     0  memseta.o(.text)
    _memset$wrapper                          0x08005247   Thumb Code    20  memseta.o(.text)
    memcmp                                   0x0800525b   Thumb Code    26  memcmp.o(.text)
    __aeabi_fadd                             0x08005275   Thumb Code   164  fadd.o(.text)
    __aeabi_fsub                             0x08005319   Thumb Code     6  fadd.o(.text)
    __aeabi_frsub                            0x0800531f   Thumb Code     6  fadd.o(.text)
    __aeabi_fmul                             0x08005325   Thumb Code   108  fmul.o(.text)
    __aeabi_fdiv                             0x08005391   Thumb Code   128  fdiv.o(.text)
    __aeabi_dadd                             0x08005411   Thumb Code   318  dadd.o(.text)
    __aeabi_dsub                             0x0800554f   Thumb Code     6  dadd.o(.text)
    __aeabi_drsub                            0x08005555   Thumb Code     6  dadd.o(.text)
    __aeabi_dmul                             0x0800555b   Thumb Code   226  dmul.o(.text)
    __aeabi_ddiv                             0x0800563d   Thumb Code   222  ddiv.o(.text)
    __aeabi_i2f                              0x0800571b   Thumb Code    18  fflti.o(.text)
    __aeabi_ui2f                             0x0800572d   Thumb Code    10  ffltui.o(.text)
    __aeabi_f2iz                             0x08005737   Thumb Code    50  ffixi.o(.text)
    __aeabi_f2uiz                            0x08005769   Thumb Code    40  ffixui.o(.text)
    __aeabi_f2d                              0x08005791   Thumb Code    44  f2d.o(.text)
    __aeabi_d2f                              0x080057bd   Thumb Code    56  d2f.o(.text)
    __aeabi_cfcmpeq                          0x080057f5   Thumb Code     0  cfcmple.o(.text)
    __aeabi_cfcmple                          0x080057f5   Thumb Code    20  cfcmple.o(.text)
    __aeabi_cfrcmple                         0x08005809   Thumb Code    20  cfrcmple.o(.text)
    __aeabi_uidiv                            0x0800581d   Thumb Code     0  uidiv.o(.text)
    __aeabi_uidivmod                         0x0800581d   Thumb Code    44  uidiv.o(.text)
    __aeabi_uldivmod                         0x08005849   Thumb Code   102  uldiv.o(.text)
    __I$use$fp                               0x080058af   Thumb Code     0  iusefp.o(.text)
    _float_round                             0x080058af   Thumb Code    18  fepilogue.o(.text)
    _float_epilogue                          0x080058c1   Thumb Code    94  fepilogue.o(.text)
    _double_round                            0x0800591f   Thumb Code    26  depilogue.o(.text)
    _double_epilogue                         0x08005939   Thumb Code   168  depilogue.o(.text)
    __ARM_scalbn                             0x080059e1   Thumb Code    46  dscalb.o(.text)
    scalbn                                   0x080059e1   Thumb Code     0  dscalb.o(.text)
    _dsqrt                                   0x08005a0f   Thumb Code   160  dsqrt.o(.text)
    __aeabi_i2d                              0x08005aaf   Thumb Code    34  dflti.o(.text)
    __aeabi_d2ulz                            0x08005ad1   Thumb Code    48  dfixul.o(.text)
    __aeabi_cdrcmple                         0x08005b01   Thumb Code    38  cdrcmple.o(.text)
    __scatterload                            0x08005b29   Thumb Code    28  init.o(.text)
    __scatterload_rt2                        0x08005b29   Thumb Code     0  init.o(.text)
    __aeabi_llsr                             0x08005b4d   Thumb Code    32  llushr.o(.text)
    _ll_ushift_r                             0x08005b4d   Thumb Code     0  llushr.o(.text)
    __0printf                                0x08005b6d   Thumb Code    22  printfa.o(i.__0printf)
    __1printf                                0x08005b6d   Thumb Code     0  printfa.o(i.__0printf)
    __2printf                                0x08005b6d   Thumb Code     0  printfa.o(i.__0printf)
    __c89printf                              0x08005b6d   Thumb Code     0  printfa.o(i.__0printf)
    printf                                   0x08005b6d   Thumb Code     0  printfa.o(i.__0printf)
    __0sprintf                               0x08005b8d   Thumb Code    34  printfa.o(i.__0sprintf)
    __1sprintf                               0x08005b8d   Thumb Code     0  printfa.o(i.__0sprintf)
    __2sprintf                               0x08005b8d   Thumb Code     0  printfa.o(i.__0sprintf)
    __c89sprintf                             0x08005b8d   Thumb Code     0  printfa.o(i.__0sprintf)
    sprintf                                  0x08005b8d   Thumb Code     0  printfa.o(i.__0sprintf)
    __ARM_fpclassify                         0x08005bb5   Thumb Code    40  fpclassify.o(i.__ARM_fpclassify)
    __kernel_poly                            0x08005bdd   Thumb Code   170  poly.o(i.__kernel_poly)
    __mathlib_dbl_underflow                  0x08005c89   Thumb Code    10  dunder.o(i.__mathlib_dbl_underflow)
    __scatterload_copy                       0x08005c99   Thumb Code    14  handlers.o(i.__scatterload_copy)
    __scatterload_null                       0x08005ca7   Thumb Code     2  handlers.o(i.__scatterload_null)
    __scatterload_zeroinit                   0x08005ca9   Thumb Code    14  handlers.o(i.__scatterload_zeroinit)
    __set_errno                              0x08005cb9   Thumb Code     6  errno.o(i.__set_errno)
    acos                                     0x0800654d   Thumb Code   584  acos.o(i.acos)
    pow                                      0x080067d1   Thumb Code  2510  pow.o(i.pow)
    sqrt                                     0x080071a9   Thumb Code    74  sqrt.o(i.sqrt)
    hw                                       0x080071f4   Data          12  inv_mpu.o(.constdata)
    reg                                      0x08007200   Data          27  inv_mpu.o(.constdata)
    test                                     0x0800721c   Data          40  inv_mpu.o(.constdata)
    __mathlib_zero                           0x08007f60   Data           8  qnan.o(.constdata)
    Region$$Table$$Base                      0x08007f68   Number         0  anon$$obj.o(Region$$Table)
    Region$$Table$$Limit                     0x08007f88   Number         0  anon$$obj.o(Region$$Table)
    stop                                     0x2000003c   Data           4  getdata.o(.data)
    SVM_Th1                                  0x20000040   Data           4  getdata.o(.data)
    SVM_Th2                                  0x20000044   Data           4  getdata.o(.data)
    SVM_Th3                                  0x20000048   Data           4  getdata.o(.data)
    Ang_Th1                                  0x2000004c   Data           4  getdata.o(.data)
    Ang_Th2                                  0x20000050   Data           4  getdata.o(.data)
    SVM_Que                                  0x20000054   Data           1  getdata.o(.data)
    Ang_Que                                  0x20000055   Data           1  getdata.o(.data)
    q0                                       0x20000058   Data           4  getdata.o(.data)
    q1                                       0x2000005c   Data           4  getdata.o(.data)
    q2                                       0x20000060   Data           4  getdata.o(.data)
    q3                                       0x20000064   Data           4  getdata.o(.data)
    Pitch                                    0x20000068   Data           4  getdata.o(.data)
    Roll                                     0x2000006c   Data           4  getdata.o(.data)
    Yaw                                      0x20000070   Data           4  getdata.o(.data)
    sensor_timestamp                         0x20000074   Data           4  getdata.o(.data)
    gyro                                     0x20000078   Data           6  getdata.o(.data)
    accel                                    0x2000007e   Data           6  getdata.o(.data)
    sensors                                  0x20000084   Data           2  getdata.o(.data)
    more                                     0x20000086   Data           1  getdata.o(.data)
    phi                                      0x20000088   Data           8  getdata.o(.data)
    psi                                      0x20000090   Data           8  getdata.o(.data)
    theta                                    0x20000098   Data           8  getdata.o(.data)
    SVM                                      0x200000a0   Data           4  getdata.o(.data)
    Ang                                      0x200000a4   Data           4  getdata.o(.data)
    gravity                                  0x200000a8   Data           4  getdata.o(.data)
    SystemCoreClock                          0x200000c0   Data           4  system_stm32f10x.o(.data)
    AHBPrescTable                            0x200000c4   Data          16  system_stm32f10x.o(.data)
    __stdout                                 0x200000d4   Data           4  stdout.o(.data)
    num                                      0x200000ec   Data          50  getdata.o(.bss)
    quat                                     0x20000120   Data          16  getdata.o(.bss)
    m_acc                                    0x20000130   Data          12  getdata.o(.bss)
    m_gyro                                   0x2000013c   Data          12  getdata.o(.bss)
    v                                        0x20000148   Data          12  getdata.o(.bss)
    __initial_sp                             0x20000558   Data           0  startup_stm32f10x_hd.o(STACK)



==============================================================================

Memory Map of the image

  Image Entry point : 0x08000131

  Load Region LR_IROM1 (Base: 0x08000000, Size: 0x00008064, Max: 0x00080000, ABSOLUTE)

    Execution Region ER_IROM1 (Base: 0x08000000, Size: 0x00007f88, Max: 0x00080000, ABSOLUTE)

    Base Addr    Size         Type   Attr      Idx    E Section Name        Object

    0x08000000   0x00000130   Data   RO          292    RESET               startup_stm32f10x_hd.o
    0x08000130   0x00000000   Code   RO          416  * .ARM.Collect$$$$00000000  mc_w.l(entry.o)(mc_w.l)
    0x08000130   0x00000004   Code   RO          725    .ARM.Collect$$$$00000001  mc_w.l(entry2.o)(mc_w.l)
    0x08000134   0x00000004   Code   RO          728    .ARM.Collect$$$$00000004  mc_w.l(entry5.o)(mc_w.l)
    0x08000138   0x00000008   Code   RO          729    .ARM.Collect$$$$00000007  mc_w.l(entry7.o)(mc_w.l)
    0x08000140   0x00000004   Code   RO          726    .ARM.Collect$$$$00002712  mc_w.l(entry2.o)(mc_w.l)
    0x08000144   0x0000003c   Code   RO            1    .text               main.o
    0x08000180   0x0000010c   Code   RO           81    .text               stm32f10x_it.o
    0x0800028c   0x000000d8   Code   RO          149    .text               systick.o
    0x08000364   0x000002bc   Code   RO          170    .text               usart2.o
    0x08000620   0x00002024   Code   RO          188    .text               inv_mpu.o
    0x08002644   0x00000d98   Code   RO          226    .text               inv_mpu_dmp_motion_driver.o
    0x080033dc   0x0000038c   Code   RO          250    .text               iic.o
    0x08003768   0x000000a4   Code   RO          262    .text               led.o
    0x0800380c   0x00000ba0   Code   RO          274    .text               getdata.o
    0x080043ac   0x00000024   Code   RO          293    .text               startup_stm32f10x_hd.o
    0x080043d0   0x00000358   Code   RO          298    .text               stm32f10x_gpio.o
    0x08004728   0x000003a4   Code   RO          322    .text               stm32f10x_rcc.o
    0x08004acc   0x0000040c   Code   RO          336    .text               stm32f10x_usart.o
    0x08004ed8   0x000000f8   Code   RO          348    .text               misc.o
    0x08004fd0   0x000001c8   Code   RO          370    .text               system_stm32f10x.o
    0x08005198   0x0000005a   Code   RO          419    .text               mc_w.l(ldiv.o)(mc_w.l)
    0x080051f2   0x0000001e   Code   RO          421    .text               mc_w.l(llshl.o)(mc_w.l)
    0x08005210   0x00000024   Code   RO          423    .text               mc_w.l(llsshr.o)(mc_w.l)
    0x08005234   0x00000026   Code   RO          425    .text               mc_w.l(memseta.o)(mc_w.l)
    0x0800525a   0x0000001a   Code   RO          427    .text               mc_w.l(memcmp.o)(mc_w.l)
    0x08005274   0x000000b0   Code   RO          690    .text               mf_w.l(fadd.o)(mf_w.l)
    0x08005324   0x0000006c   Code   RO          692    .text               mf_w.l(fmul.o)(mf_w.l)
    0x08005390   0x00000080   Code   RO          694    .text               mf_w.l(fdiv.o)(mf_w.l)
    0x08005410   0x0000014a   Code   RO          696    .text               mf_w.l(dadd.o)(mf_w.l)
    0x0800555a   0x000000e2   Code   RO          698    .text               mf_w.l(dmul.o)(mf_w.l)
    0x0800563c   0x000000de   Code   RO          700    .text               mf_w.l(ddiv.o)(mf_w.l)
    0x0800571a   0x00000012   Code   RO          702    .text               mf_w.l(fflti.o)(mf_w.l)
    0x0800572c   0x0000000a   Code   RO          704    .text               mf_w.l(ffltui.o)(mf_w.l)
    0x08005736   0x00000032   Code   RO          706    .text               mf_w.l(ffixi.o)(mf_w.l)
    0x08005768   0x00000028   Code   RO          708    .text               mf_w.l(ffixui.o)(mf_w.l)
    0x08005790   0x0000002c   Code   RO          710    .text               mf_w.l(f2d.o)(mf_w.l)
    0x080057bc   0x00000038   Code   RO          712    .text               mf_w.l(d2f.o)(mf_w.l)
    0x080057f4   0x00000014   Code   RO          714    .text               mf_w.l(cfcmple.o)(mf_w.l)
    0x08005808   0x00000014   Code   RO          716    .text               mf_w.l(cfrcmple.o)(mf_w.l)
    0x0800581c   0x0000002c   Code   RO          731    .text               mc_w.l(uidiv.o)(mc_w.l)
    0x08005848   0x00000066   Code   RO          733    .text               mc_w.l(uldiv.o)(mc_w.l)
    0x080058ae   0x00000000   Code   RO          742    .text               mc_w.l(iusefp.o)(mc_w.l)
    0x080058ae   0x00000070   Code   RO          743    .text               mf_w.l(fepilogue.o)(mf_w.l)
    0x0800591e   0x000000c2   Code   RO          745    .text               mf_w.l(depilogue.o)(mf_w.l)
    0x080059e0   0x0000002e   Code   RO          747    .text               mf_w.l(dscalb.o)(mf_w.l)
    0x08005a0e   0x000000a0   Code   RO          749    .text               mf_w.l(dsqrt.o)(mf_w.l)
    0x08005aae   0x00000022   Code   RO          751    .text               mf_w.l(dflti.o)(mf_w.l)
    0x08005ad0   0x00000030   Code   RO          753    .text               mf_w.l(dfixul.o)(mf_w.l)
    0x08005b00   0x00000028   Code   RO          757    .text               mf_w.l(cdrcmple.o)(mf_w.l)
    0x08005b28   0x00000024   Code   RO          759    .text               mc_w.l(init.o)(mc_w.l)
    0x08005b4c   0x00000020   Code   RO          761    .text               mc_w.l(llushr.o)(mc_w.l)
    0x08005b6c   0x00000020   Code   RO          662    i.__0printf         mc_w.l(printfa.o)(mc_w.l)
    0x08005b8c   0x00000028   Code   RO          664    i.__0sprintf        mc_w.l(printfa.o)(mc_w.l)
    0x08005bb4   0x00000028   Code   RO          720    i.__ARM_fpclassify  m_ws.l(fpclassify.o)(m_ws.l)
    0x08005bdc   0x000000aa   Code   RO          722    i.__kernel_poly     m_ws.l(poly.o)(m_ws.l)
    0x08005c86   0x00000002   PAD
    0x08005c88   0x00000010   Code   RO          718    i.__mathlib_dbl_underflow  m_ws.l(dunder.o)(m_ws.l)
    0x08005c98   0x0000000e   Code   RO          765    i.__scatterload_copy  mc_w.l(handlers.o)(mc_w.l)
    0x08005ca6   0x00000002   Code   RO          766    i.__scatterload_null  mc_w.l(handlers.o)(mc_w.l)
    0x08005ca8   0x0000000e   Code   RO          767    i.__scatterload_zeroinit  mc_w.l(handlers.o)(mc_w.l)
    0x08005cb6   0x00000002   PAD
    0x08005cb8   0x0000000c   Code   RO          737    i.__set_errno       mc_w.l(errno.o)(mc_w.l)
    0x08005cc4   0x00000154   Code   RO          669    i._fp_digits        mc_w.l(printfa.o)(mc_w.l)
    0x08005e18   0x000006d4   Code   RO          670    i._printf_core      mc_w.l(printfa.o)(mc_w.l)
    0x080064ec   0x00000026   Code   RO          671    i._printf_post_padding  mc_w.l(printfa.o)(mc_w.l)
    0x08006512   0x0000002e   Code   RO          672    i._printf_pre_padding  mc_w.l(printfa.o)(mc_w.l)
    0x08006540   0x0000000a   Code   RO          674    i._sputc            mc_w.l(printfa.o)(mc_w.l)
    0x0800654a   0x00000002   PAD
    0x0800654c   0x00000284   Code   RO          389    i.acos              m_ws.l(acos.o)(m_ws.l)
    0x080067d0   0x000009d8   Code   RO          399    i.pow               m_ws.l(pow.o)(m_ws.l)
    0x080071a8   0x0000004a   Code   RO          409    i.sqrt              m_ws.l(sqrt.o)(m_ws.l)
    0x080071f2   0x00000002   PAD
    0x080071f4   0x0000009d   Data   RO          189    .constdata          inv_mpu.o
    0x08007291   0x00000bf6   Data   RO          228    .constdata          inv_mpu_dmp_motion_driver.o
    0x08007e87   0x00000001   PAD
    0x08007e88   0x00000050   Data   RO          390    .constdata          m_ws.l(acos.o)(m_ws.l)
    0x08007ed8   0x00000088   Data   RO          400    .constdata          m_ws.l(pow.o)(m_ws.l)
    0x08007f60   0x00000008   Data   RO          724    .constdata          m_ws.l(qnan.o)(m_ws.l)
    0x08007f68   0x00000020   Data   RO          763    Region$$Table       anon$$obj.o


    Execution Region RW_IRAM1 (Base: 0x20000000, Size: 0x00000558, Max: 0x00010000, ABSOLUTE)

    Base Addr    Size         Type   Attr      Idx    E Section Name        Object

    0x20000000   0x00000004   Data   RW          150    .data               systick.o
    0x20000004   0x0000002c   Data   RW          190    .data               inv_mpu.o
    0x20000030   0x0000007c   Data   RW          276    .data               getdata.o
    0x200000ac   0x00000014   Data   RW          323    .data               stm32f10x_rcc.o
    0x200000c0   0x00000014   Data   RW          371    .data               system_stm32f10x.o
    0x200000d4   0x00000004   Data   RW          730    .data               mc_w.l(stdout.o)(mc_w.l)
    0x200000d8   0x00000004   Data   RW          738    .data               mc_w.l(errno.o)(mc_w.l)
    0x200000dc   0x00000010   Zero   RW          227    .bss                inv_mpu_dmp_motion_driver.o
    0x200000ec   0x00000068   Zero   RW          275    .bss                getdata.o
    0x20000154   0x00000004   PAD
    0x20000158   0x00000400   Zero   RW          290    STACK               startup_stm32f10x_hd.o


==============================================================================

Image component sizes


      Code (inc. data)   RO Data    RW Data    ZI Data      Debug   Object Name

      2976        944          0        124        104          0   getdata.o
       908         12          0          0          0          0   iic.o
      8228        238        157         44          0          0   inv_mpu.o
      3480        124       3062          0         16          0   inv_mpu_dmp_motion_driver.o
       164          6          0          0          0          0   led.o
        60         10          0          0          0          0   main.o
       248         30          0          0          0          0   misc.o
        36          8        304          0       1024          0   startup_stm32f10x_hd.o
       856         40          0          0          0          0   stm32f10x_gpio.o
       268         52          0          0          0          0   stm32f10x_it.o
       932         52          0         20          0          0   stm32f10x_rcc.o
      1036         20          0          0          0          0   stm32f10x_usart.o
       456         36          0         20          0          0   system_stm32f10x.o
       216         22          0          4          0          0   systick.o
         0          0          0          0          0          0   usart1.o
       700         12          0          0          0          0   usart2.o

    ----------------------------------------------------------------------
     20564       1606       3556        212       1148          0   Object Totals
         0          0         32          0          0          0   (incl. Generated)
         0          0          1          0          4          3   (incl. Padding)

    ----------------------------------------------------------------------

      Code (inc. data)   RO Data    RW Data    ZI Data      Debug   Library Member Name

       644         60         80          0          0          0   acos.o
        16          6          0          0          0          0   dunder.o
        40          0          0          0          0          0   fpclassify.o
       170          0          0          0          0          0   poly.o
      2520        190        136          0          0          0   pow.o
         0          0          8          0          0          0   qnan.o
        74          0          0          0          0          0   sqrt.o
         0          0          0          0          0          0   entry.o
         8          4          0          0          0          0   entry2.o
         4          0          0          0          0          0   entry5.o
         8          4          0          0          0          0   entry7.o
        12          6          0          4          0          0   errno.o
        30          0          0          0          0          0   handlers.o
        36          8          0          0          0          0   init.o
         0          0          0          0          0          0   iusefp.o
        90          0          0          0          0          0   ldiv.o
        30          0          0          0          0          0   llshl.o
        36          0          0          0          0          0   llsshr.o
        32          0          0          0          0          0   llushr.o
        26          0          0          0          0          0   memcmp.o
        38          0          0          0          0          0   memseta.o
      2254         98          0          0          0          0   printfa.o
         0          0          0          4          0          0   stdout.o
        44          0          0          0          0          0   uidiv.o
       102          0          0          0          0          0   uldiv.o
        40          2          0          0          0          0   cdrcmple.o
        20          0          0          0          0          0   cfcmple.o
        20          0          0          0          0          0   cfrcmple.o
        56          0          0          0          0          0   d2f.o
       330          0          0          0          0          0   dadd.o
       222          0          0          0          0          0   ddiv.o
       194          0          0          0          0          0   depilogue.o
        48          0          0          0          0          0   dfixul.o
        34          0          0          0          0          0   dflti.o
       226          0          0          0          0          0   dmul.o
        46          0          0          0          0          0   dscalb.o
       160          0          0          0          0          0   dsqrt.o
        44          0          0          0          0          0   f2d.o
       176          0          0          0          0          0   fadd.o
       128          0          0          0          0          0   fdiv.o
       112          0          0          0          0          0   fepilogue.o
        50          0          0          0          0          0   ffixi.o
        40          0          0          0          0          0   ffixui.o
        18          0          0          0          0          0   fflti.o
        10          0          0          0          0          0   ffltui.o
       108          0          0          0          0          0   fmul.o

    ----------------------------------------------------------------------
      8304        378        224          8          0          0   Library Totals
         8          0          0          0          0          0   (incl. Padding)

    ----------------------------------------------------------------------

      Code (inc. data)   RO Data    RW Data    ZI Data      Debug   Library Name

      3464        256        224          0          0        860   m_ws.l
      2750        120          0          8          0       1396   mc_w.l
      2082          2          0          0          0       1956   mf_w.l

    ----------------------------------------------------------------------
      8304        378        224          8          0          0   Library Totals

    ----------------------------------------------------------------------

==============================================================================


      Code (inc. data)   RO Data    RW Data    ZI Data      Debug   

     28868       1984       3780        220       1148     530700   Grand Totals
     28868       1984       3780        220       1148     530700   ELF Image Totals
     28868       1984       3780        220          0          0   ROM Totals

==============================================================================

    Total RO  Size (Code + RO Data)                32648 (  31.88kB)
    Total RW  Size (RW Data + ZI Data)              1368 (   1.34kB)
    Total ROM Size (Code + RO Data + RW Data)      32868 (  32.10kB)

==============================================================================

